Archive member included to satisfy reference by file (symbol)

c:/users/andy/.p2/pool/plugins/fr.ac6.mcu.externaltools.arm-none.win32_1.13.2.201703061525/tools/compiler/bin/../lib/gcc/arm-none-eabi/5.4.1/../../../../arm-none-eabi/lib/armv7e-m\libm.a(lib_a-s_round.o)
                              Application/User/main.o (round)
c:/users/andy/.p2/pool/plugins/fr.ac6.mcu.externaltools.arm-none.win32_1.13.2.201703061525/tools/compiler/bin/../lib/gcc/arm-none-eabi/5.4.1/../../../../arm-none-eabi/lib/armv7e-m\libm.a(lib_a-wf_exp.o)
                              Application/User/main.o (expf)
c:/users/andy/.p2/pool/plugins/fr.ac6.mcu.externaltools.arm-none.win32_1.13.2.201703061525/tools/compiler/bin/../lib/gcc/arm-none-eabi/5.4.1/../../../../arm-none-eabi/lib/armv7e-m\libm.a(lib_a-ef_exp.o)
                              c:/users/andy/.p2/pool/plugins/fr.ac6.mcu.externaltools.arm-none.win32_1.13.2.201703061525/tools/compiler/bin/../lib/gcc/arm-none-eabi/5.4.1/../../../../arm-none-eabi/lib/armv7e-m\libm.a(lib_a-wf_exp.o) (__ieee754_expf)
c:/users/andy/.p2/pool/plugins/fr.ac6.mcu.externaltools.arm-none.win32_1.13.2.201703061525/tools/compiler/bin/../lib/gcc/arm-none-eabi/5.4.1/../../../../arm-none-eabi/lib/armv7e-m\libm.a(lib_a-s_lib_ver.o)
                              c:/users/andy/.p2/pool/plugins/fr.ac6.mcu.externaltools.arm-none.win32_1.13.2.201703061525/tools/compiler/bin/../lib/gcc/arm-none-eabi/5.4.1/../../../../arm-none-eabi/lib/armv7e-m\libm.a(lib_a-wf_exp.o) (__fdlib_version)
c:/users/andy/.p2/pool/plugins/fr.ac6.mcu.externaltools.arm-none.win32_1.13.2.201703061525/tools/compiler/bin/../lib/gcc/arm-none-eabi/5.4.1/../../../../arm-none-eabi/lib/armv7e-m\libm.a(lib_a-s_matherr.o)
                              c:/users/andy/.p2/pool/plugins/fr.ac6.mcu.externaltools.arm-none.win32_1.13.2.201703061525/tools/compiler/bin/../lib/gcc/arm-none-eabi/5.4.1/../../../../arm-none-eabi/lib/armv7e-m\libm.a(lib_a-wf_exp.o) (matherr)
c:/users/andy/.p2/pool/plugins/fr.ac6.mcu.externaltools.arm-none.win32_1.13.2.201703061525/tools/compiler/bin/../lib/gcc/arm-none-eabi/5.4.1/../../../../arm-none-eabi/lib/armv7e-m\libm.a(lib_a-sf_finite.o)
                              c:/users/andy/.p2/pool/plugins/fr.ac6.mcu.externaltools.arm-none.win32_1.13.2.201703061525/tools/compiler/bin/../lib/gcc/arm-none-eabi/5.4.1/../../../../arm-none-eabi/lib/armv7e-m\libm.a(lib_a-wf_exp.o) (finitef)
c:/users/andy/.p2/pool/plugins/fr.ac6.mcu.externaltools.arm-none.win32_1.13.2.201703061525/tools/compiler/bin/../lib/gcc/arm-none-eabi/5.4.1/../../../../arm-none-eabi/lib/armv7e-m\libc_nano.a(lib_a-errno.o)
                              c:/users/andy/.p2/pool/plugins/fr.ac6.mcu.externaltools.arm-none.win32_1.13.2.201703061525/tools/compiler/bin/../lib/gcc/arm-none-eabi/5.4.1/../../../../arm-none-eabi/lib/armv7e-m\libm.a(lib_a-wf_exp.o) (__errno)
c:/users/andy/.p2/pool/plugins/fr.ac6.mcu.externaltools.arm-none.win32_1.13.2.201703061525/tools/compiler/bin/../lib/gcc/arm-none-eabi/5.4.1/../../../../arm-none-eabi/lib/armv7e-m\libc_nano.a(lib_a-exit.o)
                              c:/users/andy/.p2/pool/plugins/fr.ac6.mcu.externaltools.arm-none.win32_1.13.2.201703061525/tools/compiler/bin/../lib/gcc/arm-none-eabi/5.4.1/../../../../arm-none-eabi/lib/armv7e-m/crt0.o (exit)
c:/users/andy/.p2/pool/plugins/fr.ac6.mcu.externaltools.arm-none.win32_1.13.2.201703061525/tools/compiler/bin/../lib/gcc/arm-none-eabi/5.4.1/../../../../arm-none-eabi/lib/armv7e-m\libc_nano.a(lib_a-impure.o)
                              c:/users/andy/.p2/pool/plugins/fr.ac6.mcu.externaltools.arm-none.win32_1.13.2.201703061525/tools/compiler/bin/../lib/gcc/arm-none-eabi/5.4.1/../../../../arm-none-eabi/lib/armv7e-m\libc_nano.a(lib_a-exit.o) (_global_impure_ptr)
c:/users/andy/.p2/pool/plugins/fr.ac6.mcu.externaltools.arm-none.win32_1.13.2.201703061525/tools/compiler/bin/../lib/gcc/arm-none-eabi/5.4.1/../../../../arm-none-eabi/lib/armv7e-m\libc_nano.a(lib_a-init.o)
                              c:/users/andy/.p2/pool/plugins/fr.ac6.mcu.externaltools.arm-none.win32_1.13.2.201703061525/tools/compiler/bin/../lib/gcc/arm-none-eabi/5.4.1/../../../../arm-none-eabi/lib/armv7e-m/crt0.o (__libc_init_array)
c:/users/andy/.p2/pool/plugins/fr.ac6.mcu.externaltools.arm-none.win32_1.13.2.201703061525/tools/compiler/bin/../lib/gcc/arm-none-eabi/5.4.1/../../../../arm-none-eabi/lib/armv7e-m\libc_nano.a(lib_a-memset.o)
                              c:/users/andy/.p2/pool/plugins/fr.ac6.mcu.externaltools.arm-none.win32_1.13.2.201703061525/tools/compiler/bin/../lib/gcc/arm-none-eabi/5.4.1/../../../../arm-none-eabi/lib/armv7e-m/crt0.o (memset)
c:/users/andy/.p2/pool/plugins/fr.ac6.mcu.externaltools.arm-none.win32_1.13.2.201703061525/tools/compiler/bin/../lib/gcc/arm-none-eabi/5.4.1/armv7e-m\libgcc.a(_arm_addsubdf3.o)
                              Application/User/main.o (__aeabi_dsub)
[...]
Memory Configuration

Name             Origin             Length             Attributes
RAM              0x20000000         0x00010000         xrw
CCMRAM           0x10000000         0x00004000         rw
FLASH            0x08000000         0x00080000         xr
*default*        0x00000000         0xffffffff

Linker script and memory map

LOAD c:/users/andy/.p2/pool/plugins/fr.ac6.mcu.externaltools.arm-none.win32_1.13.2.201703061525/tools/compiler/bin/../lib/gcc/arm-none-eabi/5.4.1/armv7e-m/crti.o
LOAD c:/users/andy/.p2/pool/plugins/fr.ac6.mcu.externaltools.arm-none.win32_1.13.2.201703061525/tools/compiler/bin/../lib/gcc/arm-none-eabi/5.4.1/armv7e-m/crtbegin.o
LOAD c:/users/andy/.p2/pool/plugins/fr.ac6.mcu.externaltools.arm-none.win32_1.13.2.201703061525/tools/compiler/bin/../lib/gcc/arm-none-eabi/5.4.1/../../../../arm-none-eabi/lib/armv7e-m/crt0.o
LOAD Application/SW4STM32/startup_stm32f303xe.o
LOAD Application/User/main.o
LOAD Application/User/stm32f3xx_hal_msp.o
LOAD Application/User/stm32f3xx_it.o
LOAD Drivers/CMSIS/system_stm32f3xx.o
LOAD Drivers/STM32F3xx_HAL_Driver/stm32f3xx_hal.o
LOAD Drivers/STM32F3xx_HAL_Driver/stm32f3xx_hal_adc.o
LOAD Drivers/STM32F3xx_HAL_Driver/stm32f3xx_hal_adc_ex.o
LOAD Drivers/STM32F3xx_HAL_Driver/stm32f3xx_hal_cortex.o
LOAD Drivers/STM32F3xx_HAL_Driver/stm32f3xx_hal_dma.o
LOAD Drivers/STM32F3xx_HAL_Driver/stm32f3xx_hal_flash.o
LOAD Drivers/STM32F3xx_HAL_Driver/stm32f3xx_hal_flash_ex.o
LOAD Drivers/STM32F3xx_HAL_Driver/stm32f3xx_hal_gpio.o
LOAD Drivers/STM32F3xx_HAL_Driver/stm32f3xx_hal_i2c.o
LOAD Drivers/STM32F3xx_HAL_Driver/stm32f3xx_hal_i2c_ex.o
LOAD Drivers/STM32F3xx_HAL_Driver/stm32f3xx_hal_pwr.o
LOAD Drivers/STM32F3xx_HAL_Driver/stm32f3xx_hal_pwr_ex.o
LOAD Drivers/STM32F3xx_HAL_Driver/stm32f3xx_hal_rcc.o
LOAD Drivers/STM32F3xx_HAL_Driver/stm32f3xx_hal_rcc_ex.o
LOAD Drivers/STM32F3xx_HAL_Driver/stm32f3xx_hal_tim.o
LOAD Drivers/STM32F3xx_HAL_Driver/stm32f3xx_hal_tim_ex.o
LOAD Drivers/STM32F3xx_HAL_Driver/stm32f3xx_hal_uart.o
LOAD Drivers/STM32F3xx_HAL_Driver/stm32f3xx_hal_uart_ex.o
LOAD c:/users/andy/.p2/pool/plugins/fr.ac6.mcu.externaltools.arm-none.win32_1.13.2.201703061525/tools/compiler/bin/../lib/gcc/arm-none-eabi/5.4.1/../../../../arm-none-eabi/lib/armv7e-m\libm.a
LOAD c:/users/andy/.p2/pool/plugins/fr.ac6.mcu.externaltools.arm-none.win32_1.13.2.201703061525/tools/compiler/bin/../lib/gcc/arm-none-eabi/5.4.1/../../../../arm-none-eabi/lib/armv7e-m\libc_nano.a
START GROUP
LOAD c:/users/andy/.p2/pool/plugins/fr.ac6.mcu.externaltools.arm-none.win32_1.13.2.201703061525/tools/compiler/bin/../lib/gcc/arm-none-eabi/5.4.1/armv7e-m\libgcc.a
LOAD c:/users/andy/.p2/pool/plugins/fr.ac6.mcu.externaltools.arm-none.win32_1.13.2.201703061525/tools/compiler/bin/../lib/gcc/arm-none-eabi/5.4.1/../../../../arm-none-eabi/lib/armv7e-m\libc_nano.a
END GROUP
START GROUP
LOAD c:/users/andy/.p2/pool/plugins/fr.ac6.mcu.externaltools.arm-none.win32_1.13.2.201703061525/tools/compiler/bin/../lib/gcc/arm-none-eabi/5.4.1/armv7e-m\libgcc.a
LOAD c:/users/andy/.p2/pool/plugins/fr.ac6.mcu.externaltools.arm-none.win32_1.13.2.201703061525/tools/compiler/bin/../lib/gcc/arm-none-eabi/5.4.1/../../../../arm-none-eabi/lib/armv7e-m\libc_nano.a
LOAD c:/users/andy/.p2/pool/plugins/fr.ac6.mcu.externaltools.arm-none.win32_1.13.2.201703061525/tools/compiler/bin/../lib/gcc/arm-none-eabi/5.4.1/../../../../arm-none-eabi/lib/armv7e-m\libnosys.a
END GROUP
START GROUP
LOAD c:/users/andy/.p2/pool/plugins/fr.ac6.mcu.externaltools.arm-none.win32_1.13.2.201703061525/tools/compiler/bin/../lib/gcc/arm-none-eabi/5.4.1/armv7e-m\libgcc.a
LOAD c:/users/andy/.p2/pool/plugins/fr.ac6.mcu.externaltools.arm-none.win32_1.13.2.201703061525/tools/compiler/bin/../lib/gcc/arm-none-eabi/5.4.1/../../../../arm-none-eabi/lib/armv7e-m\libc_nano.a
LOAD c:/users/andy/.p2/pool/plugins/fr.ac6.mcu.externaltools.arm-none.win32_1.13.2.201703061525/tools/compiler/bin/../lib/gcc/arm-none-eabi/5.4.1/../../../../arm-none-eabi/lib/armv7e-m\libnosys.a
END GROUP
LOAD c:/users/andy/.p2/pool/plugins/fr.ac6.mcu.externaltools.arm-none.win32_1.13.2.201703061525/tools/compiler/bin/../lib/gcc/arm-none-eabi/5.4.1/armv7e-m/crtend.o
LOAD c:/users/andy/.p2/pool/plugins/fr.ac6.mcu.externaltools.arm-none.win32_1.13.2.201703061525/tools/compiler/bin/../lib/gcc/arm-none-eabi/5.4.1/armv7e-m/crtn.o
                0x20010000                _estack = 0x20010000
                0x00000200                _Min_Heap_Size = 0x200
                0x00000400                _Min_Stack_Size = 0x400

.isr_vector     0x08000000      0x194
                0x08000000                . = ALIGN (0x4)
 *(.isr_vector)
 .isr_vector    0x08000000      0x194 Application/SW4STM32/startup_stm32f303xe.o
                0x08000000                g_pfnVectors
                0x08000194                . = ALIGN (0x4)

.text           0x08000194     0x4cc4
                0x08000194                . = ALIGN (0x4)
 *(.text)
 .text          0x08000194       0x5c c:/users/andy/.p2/pool/plugins/fr.ac6.mcu.externaltools.arm-none.win32_1.13.2.201703061525/tools/compiler/bin/../lib/gcc/arm-none-eabi/5.4.1/armv7e-m/crtbegin.o
 .text          0x080001f0      0x370 c:/users/andy/.p2/pool/plugins/fr.ac6.mcu.externaltools.arm-none.win32_1.13.2.201703061525/tools/compiler/bin/../lib/gcc/arm-none-eabi/5.4.1/armv7e-m\libgcc.a(_arm_addsubdf3.o)
                0x080001f0                __aeabi_drsub
                0x080001f8                __aeabi_dsub
                0x080001f8                __subdf3
                0x080001fc                __aeabi_dadd
                0x080001fc                __adddf3
                0x08000474                __floatunsidf
                0x08000474                __aeabi_ui2d
                0x08000494                __floatsidf
                0x08000494                __aeabi_i2d
                0x080004b8                __aeabi_f2d
                0x080004b8                __extendsfdf2
                0x080004f4                __floatundidf
                0x080004f4                __aeabi_ul2d
                0x08000504                __floatdidf
                0x08000504                __aeabi_l2d
 .text          0x08000560      0x424 c:/users/andy/.p2/pool/plugins/fr.ac6.mcu.externaltools.arm-none.win32_1.13.2.201703061525/tools/compiler/bin/../lib/gcc/arm-none-eabi/5.4.1/armv7e-m\libgcc.a(_arm_muldivdf3.o)
                0x08000560                __aeabi_dmul
                0x08000560                __muldf3
                0x080007b4                __divdf3
                0x080007b4                __aeabi_ddiv
 .text          0x08000984       0x40 c:/users/andy/.p2/pool/plugins/fr.ac6.mcu.externaltools.arm-none.win32_1.13.2.201703061525/tools/compiler/bin/../lib/gcc/arm-none-eabi/5.4.1/armv7e-m\libgcc.a(_arm_fixunsdfsi.o)
                0x08000984                __aeabi_d2uiz
                0x08000984                __fixunsdfsi
 .text          0x080009c4       0xa0 c:/users/andy/.p2/pool/plugins/fr.ac6.mcu.externaltools.arm-none.win32_1.13.2.201703061525/tools/compiler/bin/../lib/gcc/arm-none-eabi/5.4.1/armv7e-m\libgcc.a(_arm_truncdfsf2.o)
                0x080009c4                __truncdfsf2
                0x080009c4                __aeabi_d2f
 .text          0x08000a64      0x21c c:/users/andy/.p2/pool/plugins/fr.ac6.mcu.externaltools.arm-none.win32_1.13.2.201703061525/tools/compiler/bin/../lib/gcc/arm-none-eabi/5.4.1/armv7e-m\libgcc.a(_arm_addsubsf3.o)
                0x08000a64                __aeabi_frsub
                0x08000a6c                __subsf3
                0x08000a6c                __aeabi_fsub
                0x08000a70                __aeabi_fadd
                0x08000a70                __addsf3
                0x08000bd0                __aeabi_ui2f
                0x08000bd0                __floatunsisf
                0x08000bd8                __aeabi_i2f
                0x08000bd8                __floatsisf
                0x08000bf4                __aeabi_ul2f
                0x08000bf4                __floatundisf
                0x08000c04                __aeabi_l2f
                0x08000c04                __floatdisf
 .text          0x08000c80      0x2a0 c:/users/andy/.p2/pool/plugins/fr.ac6.mcu.externaltools.arm-none.win32_1.13.2.201703061525/tools/compiler/bin/../lib/gcc/arm-none-eabi/5.4.1/armv7e-m\libgcc.a(_arm_muldivsf3.o)
                0x08000c80                __mulsf3
                0x08000c80                __aeabi_fmul
                0x08000de8                __aeabi_fdiv
                0x08000de8                __divsf3
 .text          0x08000f20       0xec c:/users/andy/.p2/pool/plugins/fr.ac6.mcu.externaltools.arm-none.win32_1.13.2.201703061525/tools/compiler/bin/../lib/gcc/arm-none-eabi/5.4.1/armv7e-m\libgcc.a(_arm_cmpsf2.o)
                0x08000f20                __gesf2
                0x08000f20                __gtsf2
                0x08000f28                __lesf2
                0x08000f28                __ltsf2
                0x08000f30                __nesf2
                0x08000f30                __eqsf2
                0x08000f30                __cmpsf2
                0x08000f90                __aeabi_cfrcmple
                0x08000f98                __aeabi_cfcmpeq
                0x08000f98                __aeabi_cfcmple
                0x08000fa8                __aeabi_fcmpeq
                0x08000fbc                __aeabi_fcmplt
                0x08000fd0                __aeabi_fcmple
                0x08000fe4                __aeabi_fcmpge
                0x08000ff8                __aeabi_fcmpgt
 .text          0x0800100c       0x4c c:/users/andy/.p2/pool/plugins/fr.ac6.mcu.externaltools.arm-none.win32_1.13.2.201703061525/tools/compiler/bin/../lib/gcc/arm-none-eabi/5.4.1/armv7e-m\libgcc.a(_arm_fixsfsi.o)
                0x0800100c                __aeabi_f2iz
                0x0800100c                __fixsfsi
 .text          0x08001058       0x40 c:/users/andy/.p2/pool/plugins/fr.ac6.mcu.externaltools.arm-none.win32_1.13.2.201703061525/tools/compiler/bin/../lib/gcc/arm-none-eabi/5.4.1/armv7e-m\libgcc.a(_arm_fixunssfsi.o)
                0x08001058                __fixunssfsi
                0x08001058                __aeabi_f2uiz
 *(.text*)
 .text.Reset_Handler
                0x08001098       0x50 Application/SW4STM32/startup_stm32f303xe.o
                0x08001098                Reset_Handler
 .text.Default_Handler
                0x080010e8        0x2 Application/SW4STM32/startup_stm32f303xe.o
                0x080010e8                RTC_Alarm_IRQHandler
                0x080010e8                TIM8_TRG_COM_IRQHandler
                0x080010e8                TIM8_CC_IRQHandler
                0x080010e8                DebugMon_Handler
                0x080010e8                SPI4_IRQHandler
                0x080010e8                TIM1_CC_IRQHandler
                0x080010e8                HardFault_Handler
                0x080010e8                USB_HP_IRQHandler
                0x080010e8                PVD_IRQHandler
                0x080010e8                TAMP_STAMP_IRQHandler
                0x080010e8                NMI_Handler
                0x080010e8                EXTI3_IRQHandler
                0x080010e8                I2C3_ER_IRQHandler
                0x080010e8                USB_HP_CAN_TX_IRQHandler
                0x080010e8                EXTI0_IRQHandler
                0x080010e8                I2C2_EV_IRQHandler
                0x080010e8                FPU_IRQHandler
                0x080010e8                TIM1_UP_TIM16_IRQHandler
                0x080010e8                UsageFault_Handler
                0x080010e8                ADC1_2_IRQHandler
                0x080010e8                SPI1_IRQHandler
                0x080010e8                CAN_SCE_IRQHandler
                0x080010e8                TIM6_DAC_IRQHandler
                0x080010e8                TIM8_UP_IRQHandler
                0x080010e8                DMA2_Channel2_IRQHandler
                0x080010e8                DMA1_Channel4_IRQHandler
                0x080010e8                TIM20_TRG_COM_IRQHandler
                0x080010e8                USART3_IRQHandler
                0x080010e8                DMA1_Channel7_IRQHandler
                0x080010e8                UART5_IRQHandler
                0x080010e8                ADC3_IRQHandler
                0x080010e8                TIM4_IRQHandler
                0x080010e8                CAN_RX1_IRQHandler
                0x080010e8                I2C1_EV_IRQHandler
                0x080010e8                DMA1_Channel6_IRQHandler
                0x080010e8                UART4_IRQHandler
                0x080010e8                DMA2_Channel4_IRQHandler
                0x080010e8                TIM3_IRQHandler
                0x080010e8                RCC_IRQHandler
                0x080010e8                TIM20_UP_IRQHandler
                0x080010e8                DMA1_Channel1_IRQHandler
                0x080010e8                Default_Handler
                0x080010e8                USBWakeUp_RMP_IRQHandler
                0x080010e8                EXTI15_10_IRQHandler
                0x080010e8                TIM7_IRQHandler
                0x080010e8                I2C3_EV_IRQHandler
                0x080010e8                EXTI9_5_IRQHandler
                0x080010e8                RTC_WKUP_IRQHandler
                0x080010e8                SPI2_IRQHandler
                0x080010e8                USB_LP_CAN_RX0_IRQHandler
                0x080010e8                MemManage_Handler
                0x080010e8                DMA2_Channel5_IRQHandler
                0x080010e8                DMA1_Channel5_IRQHandler
                0x080010e8                USB_LP_IRQHandler
                0x080010e8                EXTI4_IRQHandler
                0x080010e8                TIM1_TRG_COM_TIM17_IRQHandler
                0x080010e8                DMA1_Channel3_IRQHandler
                0x080010e8                ADC4_IRQHandler
                0x080010e8                WWDG_IRQHandler
                0x080010e8                TIM2_IRQHandler
                0x080010e8                COMP7_IRQHandler
                0x080010e8                COMP1_2_3_IRQHandler
                0x080010e8                EXTI1_IRQHandler
                0x080010e8                USART2_IRQHandler
                0x080010e8                COMP4_5_6_IRQHandler
                0x080010e8                TIM20_BRK_IRQHandler
                0x080010e8                I2C2_ER_IRQHandler
                0x080010e8                DMA1_Channel2_IRQHandler
                0x080010e8                TIM8_BRK_IRQHandler
                0x080010e8                FLASH_IRQHandler
                0x080010e8                TIM20_CC_IRQHandler
                0x080010e8                BusFault_Handler
                0x080010e8                SPI3_IRQHandler
                0x080010e8                I2C1_ER_IRQHandler
                0x080010e8                FMC_IRQHandler
                0x080010e8                USBWakeUp_IRQHandler
                0x080010e8                DMA2_Channel3_IRQHandler
                0x080010e8                EXTI2_TSC_IRQHandler
                0x080010e8                TIM1_BRK_TIM15_IRQHandler
 *fill*         0x080010ea        0x2 
 .text.MX_GPIO_Init
                0x080010ec       0xd0 Application/User/main.o
 .text.MX_DMA_Init
                0x080011bc       0x34 Application/User/main.o
 .text.tansig   0x080011f0       0x44 Application/User/main.o
                0x080011f0                tansig
 .text.feedForward
                0x08001234      0x50c Application/User/main.o
                0x08001234                feedForward
 .text._Error_Handler
                0x08001740        0x4 Application/User/main.o
                0x08001740                _Error_Handler
 .text.MX_USART1_UART_Init
                0x08001744       0x40 Application/User/main.o
 .text.MX_TIM1_Init
                0x08001784      0x100 Application/User/main.o
 .text.MX_ADC2_Init
                0x08001884       0x98 Application/User/main.o
 .text.SystemClock_Config
                0x0800191c       0xa8 Application/User/main.o
                0x0800191c                SystemClock_Config
 .text.main     0x080019c4      0x32c Application/User/main.o
                0x080019c4                main
 .text.HAL_MspInit
                0x08001cf0       0x7c Application/User/stm32f3xx_hal_msp.o
                0x08001cf0                HAL_MspInit
 .text.HAL_ADC_MspInit
                0x08001d6c       0x88 Application/User/stm32f3xx_hal_msp.o
                0x08001d6c                HAL_ADC_MspInit
 .text.HAL_TIM_Base_MspInit
                0x08001df4       0x28 Application/User/stm32f3xx_hal_msp.o
                0x08001df4                HAL_TIM_Base_MspInit
 .text.HAL_TIM_MspPostInit
                0x08001e1c       0x34 Application/User/stm32f3xx_hal_msp.o
                0x08001e1c                HAL_TIM_MspPostInit
 .text.HAL_UART_MspInit
                0x08001e50       0x60 Application/User/stm32f3xx_hal_msp.o
                0x08001e50                HAL_UART_MspInit
 .text.SVC_Handler
                0x08001eb0        0x4 Application/User/stm32f3xx_it.o
                0x08001eb0                SVC_Handler
 .text.PendSV_Handler
                0x08001eb4        0x4 Application/User/stm32f3xx_it.o
                0x08001eb4                PendSV_Handler
 .text.SysTick_Handler
                0x08001eb8        0xc Application/User/stm32f3xx_it.o
                0x08001eb8                SysTick_Handler
 .text.USART1_IRQHandler
                0x08001ec4       0x10 Application/User/stm32f3xx_it.o
                0x08001ec4                USART1_IRQHandler
 .text.DMA2_Channel1_IRQHandler
                0x08001ed4       0x10 Application/User/stm32f3xx_it.o
                0x08001ed4                DMA2_Channel1_IRQHandler
 .text.SystemInit
                0x08001ee4       0x5c Drivers/CMSIS/system_stm32f3xx.o
                0x08001ee4                SystemInit
 .text.HAL_InitTick
                0x08001f40       0x2c Drivers/STM32F3xx_HAL_Driver/stm32f3xx_hal.o
                0x08001f40                HAL_InitTick
 .text.HAL_Init
                0x08001f6c       0x24 Drivers/STM32F3xx_HAL_Driver/stm32f3xx_hal.o
                0x08001f6c                HAL_Init
 .text.HAL_IncTick
                0x08001f90       0x10 Drivers/STM32F3xx_HAL_Driver/stm32f3xx_hal.o
                0x08001f90                HAL_IncTick
 .text.HAL_GetTick
                0x08001fa0        0xc Drivers/STM32F3xx_HAL_Driver/stm32f3xx_hal.o
                0x08001fa0                HAL_GetTick
 .text.HAL_Delay
                0x08001fac       0x24 Drivers/STM32F3xx_HAL_Driver/stm32f3xx_hal.o
                0x08001fac                HAL_Delay
 .text.HAL_ADC_ConvCpltCallback
                0x08001fd0        0x4 Drivers/STM32F3xx_HAL_Driver/stm32f3xx_hal_adc.o
                0x08001fd0                HAL_ADC_ConvCpltCallback
 .text.HAL_ADC_ConvHalfCpltCallback
                0x08001fd4        0x4 Drivers/STM32F3xx_HAL_Driver/stm32f3xx_hal_adc.o
                0x08001fd4                HAL_ADC_ConvHalfCpltCallback
 .text.HAL_ADC_ErrorCallback
                0x08001fd8        0x4 Drivers/STM32F3xx_HAL_Driver/stm32f3xx_hal_adc.o
                0x08001fd8                HAL_ADC_ErrorCallback
 .text.ADC_Disable
                0x08001fdc       0x8c Drivers/STM32F3xx_HAL_Driver/stm32f3xx_hal_adc_ex.o
 .text.ADC_Enable
                0x08002068       0x84 Drivers/STM32F3xx_HAL_Driver/stm32f3xx_hal_adc_ex.o
 .text.ADC_DMAError
                0x080020ec       0x1c Drivers/STM32F3xx_HAL_Driver/stm32f3xx_hal_adc_ex.o
 .text.ADC_DMAHalfConvCplt
                0x08002108        0xc Drivers/STM32F3xx_HAL_Driver/stm32f3xx_hal_adc_ex.o
 .text.ADC_DMAConvCplt
                0x08002114       0x4c Drivers/STM32F3xx_HAL_Driver/stm32f3xx_hal_adc_ex.o
 .text.HAL_ADC_Init
                0x08002160      0x2c0 Drivers/STM32F3xx_HAL_Driver/stm32f3xx_hal_adc_ex.o
                0x08002160                HAL_ADC_Init
 .text.HAL_ADC_Start_DMA
                0x08002420      0x18c Drivers/STM32F3xx_HAL_Driver/stm32f3xx_hal_adc_ex.o
                0x08002420                HAL_ADC_Start_DMA
 .text.HAL_ADC_ConfigChannel
                0x080025ac      0x3a8 Drivers/STM32F3xx_HAL_Driver/stm32f3xx_hal_adc_ex.o
                0x080025ac                HAL_ADC_ConfigChannel
 .text.HAL_NVIC_SetPriorityGrouping
                0x08002954       0x24 Drivers/STM32F3xx_HAL_Driver/stm32f3xx_hal_cortex.o
                0x08002954                HAL_NVIC_SetPriorityGrouping
 .text.HAL_NVIC_SetPriority
                0x08002978       0x64 Drivers/STM32F3xx_HAL_Driver/stm32f3xx_hal_cortex.o
                0x08002978                HAL_NVIC_SetPriority
 .text.HAL_NVIC_EnableIRQ
                0x080029dc       0x18 Drivers/STM32F3xx_HAL_Driver/stm32f3xx_hal_cortex.o
                0x080029dc                HAL_NVIC_EnableIRQ
 .text.HAL_SYSTICK_Config
                0x080029f4       0x2c Drivers/STM32F3xx_HAL_Driver/stm32f3xx_hal_cortex.o
                0x080029f4                HAL_SYSTICK_Config
 .text.HAL_SYSTICK_CLKSourceConfig
                0x08002a20       0x20 Drivers/STM32F3xx_HAL_Driver/stm32f3xx_hal_cortex.o
                0x08002a20                HAL_SYSTICK_CLKSourceConfig
 .text.HAL_SYSTICK_Callback
                0x08002a40        0x4 Drivers/STM32F3xx_HAL_Driver/stm32f3xx_hal_cortex.o
                0x08002a40                HAL_SYSTICK_Callback
 .text.HAL_SYSTICK_IRQHandler
                0x08002a44        0x8 Drivers/STM32F3xx_HAL_Driver/stm32f3xx_hal_cortex.o
                0x08002a44                HAL_SYSTICK_IRQHandler
 .text.DMA_SetConfig
                0x08002a4c       0x2c Drivers/STM32F3xx_HAL_Driver/stm32f3xx_hal_dma.o
 .text.DMA_CalcBaseAndBitshift
                0x08002a78       0x4c Drivers/STM32F3xx_HAL_Driver/stm32f3xx_hal_dma.o
 .text.HAL_DMA_Init
                0x08002ac4       0x58 Drivers/STM32F3xx_HAL_Driver/stm32f3xx_hal_dma.o
                0x08002ac4                HAL_DMA_Init
 .text.HAL_DMA_Start_IT
                0x08002b1c       0x74 Drivers/STM32F3xx_HAL_Driver/stm32f3xx_hal_dma.o
                0x08002b1c                HAL_DMA_Start_IT
 .text.HAL_DMA_Abort_IT
                0x08002b90       0x4c Drivers/STM32F3xx_HAL_Driver/stm32f3xx_hal_dma.o
                0x08002b90                HAL_DMA_Abort_IT
 .text.HAL_DMA_IRQHandler
                0x08002bdc       0xb4 Drivers/STM32F3xx_HAL_Driver/stm32f3xx_hal_dma.o
                0x08002bdc                HAL_DMA_IRQHandler
 .text.HAL_GPIO_Init
                0x08002c90      0x1ac Drivers/STM32F3xx_HAL_Driver/stm32f3xx_hal_gpio.o
                0x08002c90                HAL_GPIO_Init
 .text.HAL_GPIO_WritePin
                0x08002e3c        0xc Drivers/STM32F3xx_HAL_Driver/stm32f3xx_hal_gpio.o
                0x08002e3c                HAL_GPIO_WritePin
 .text.HAL_RCC_OscConfig
                0x08002e48      0x628 Drivers/STM32F3xx_HAL_Driver/stm32f3xx_hal_rcc.o
                0x08002e48                HAL_RCC_OscConfig
 .text.HAL_RCC_GetSysClockFreq
                0x08003470       0x74 Drivers/STM32F3xx_HAL_Driver/stm32f3xx_hal_rcc.o
                0x08003470                HAL_RCC_GetSysClockFreq
 .text.HAL_RCC_ClockConfig
                0x080034e4      0x1e4 Drivers/STM32F3xx_HAL_Driver/stm32f3xx_hal_rcc.o
                0x080034e4                HAL_RCC_ClockConfig
 .text.HAL_RCC_GetHCLKFreq
                0x080036c8        0xc Drivers/STM32F3xx_HAL_Driver/stm32f3xx_hal_rcc.o
                0x080036c8                HAL_RCC_GetHCLKFreq
 .text.HAL_RCC_GetPCLK1Freq
                0x080036d4       0x30 Drivers/STM32F3xx_HAL_Driver/stm32f3xx_hal_rcc.o
                0x080036d4                HAL_RCC_GetPCLK1Freq
 .text.HAL_RCC_GetPCLK2Freq
                0x08003704       0x30 Drivers/STM32F3xx_HAL_Driver/stm32f3xx_hal_rcc.o
                0x08003704                HAL_RCC_GetPCLK2Freq
 .text.HAL_RCCEx_PeriphCLKConfig
                0x08003734      0x300 Drivers/STM32F3xx_HAL_Driver/stm32f3xx_hal_rcc_ex.o
                0x08003734                HAL_RCCEx_PeriphCLKConfig
 .text.TIM_TI1_ConfigInputStage
                0x08003a34       0x24 Drivers/STM32F3xx_HAL_Driver/stm32f3xx_hal_tim.o
 .text.TIM_TI2_ConfigInputStage
                0x08003a58       0x28 Drivers/STM32F3xx_HAL_Driver/stm32f3xx_hal_tim.o
 .text.TIM_ITRx_SetConfig
                0x08003a80       0x10 Drivers/STM32F3xx_HAL_Driver/stm32f3xx_hal_tim.o
 .text.HAL_TIM_PWM_MspInit
                0x08003a90        0x4 Drivers/STM32F3xx_HAL_Driver/stm32f3xx_hal_tim.o
                0x08003a90                HAL_TIM_PWM_MspInit
 .text.TIM_Base_SetConfig
                0x08003a94       0xd0 Drivers/STM32F3xx_HAL_Driver/stm32f3xx_hal_tim.o
                0x08003a94                TIM_Base_SetConfig
 .text.HAL_TIM_Base_Init
                0x08003b64       0x38 Drivers/STM32F3xx_HAL_Driver/stm32f3xx_hal_tim.o
                0x08003b64                HAL_TIM_Base_Init
 .text.HAL_TIM_PWM_Init
                0x08003b9c       0x38 Drivers/STM32F3xx_HAL_Driver/stm32f3xx_hal_tim.o
                0x08003b9c                HAL_TIM_PWM_Init
 .text.TIM_OC1_SetConfig
                0x08003bd4       0xac Drivers/STM32F3xx_HAL_Driver/stm32f3xx_hal_tim.o
                0x08003bd4                TIM_OC1_SetConfig
 .text.TIM_OC2_SetConfig
                0x08003c80       0x9c Drivers/STM32F3xx_HAL_Driver/stm32f3xx_hal_tim.o
                0x08003c80                TIM_OC2_SetConfig
 .text.TIM_OC3_SetConfig
                0x08003d1c       0x9c Drivers/STM32F3xx_HAL_Driver/stm32f3xx_hal_tim.o
                0x08003d1c                TIM_OC3_SetConfig
 .text.TIM_OC4_SetConfig
                0x08003db8       0x74 Drivers/STM32F3xx_HAL_Driver/stm32f3xx_hal_tim.o
                0x08003db8                TIM_OC4_SetConfig
 .text.TIM_ETR_SetConfig
                0x08003e2c       0x18 Drivers/STM32F3xx_HAL_Driver/stm32f3xx_hal_tim.o
                0x08003e2c                TIM_ETR_SetConfig
 .text.HAL_TIM_ConfigClockSource
                0x08003e44      0x120 Drivers/STM32F3xx_HAL_Driver/stm32f3xx_hal_tim.o
                0x08003e44                HAL_TIM_ConfigClockSource
 .text.TIM_CCxChannelCmd
                0x08003f64       0x1c Drivers/STM32F3xx_HAL_Driver/stm32f3xx_hal_tim.o
                0x08003f64                TIM_CCxChannelCmd
 .text.HAL_TIM_PWM_Start
                0x08003f80       0x74 Drivers/STM32F3xx_HAL_Driver/stm32f3xx_hal_tim.o
                0x08003f80                HAL_TIM_PWM_Start
 .text.TIM_OC5_SetConfig
                0x08003ff4       0x70 Drivers/STM32F3xx_HAL_Driver/stm32f3xx_hal_tim_ex.o
 .text.TIM_OC6_SetConfig
                0x08004064       0x74 Drivers/STM32F3xx_HAL_Driver/stm32f3xx_hal_tim_ex.o
 .text.HAL_TIM_PWM_ConfigChannel
                0x080040d8      0x138 Drivers/STM32F3xx_HAL_Driver/stm32f3xx_hal_tim_ex.o
                0x080040d8                HAL_TIM_PWM_ConfigChannel
 .text.HAL_TIMEx_MasterConfigSynchronization
                0x08004210       0x60 Drivers/STM32F3xx_HAL_Driver/stm32f3xx_hal_tim_ex.o
                0x08004210                HAL_TIMEx_MasterConfigSynchronization
 .text.HAL_TIMEx_ConfigBreakDeadTime
                0x08004270       0x9c Drivers/STM32F3xx_HAL_Driver/stm32f3xx_hal_tim_ex.o
                0x08004270                HAL_TIMEx_ConfigBreakDeadTime
 .text.UART_EndRxTransfer
                0x0800430c       0x1c Drivers/STM32F3xx_HAL_Driver/stm32f3xx_hal_uart.o
 .text.HAL_UART_TxCpltCallback
                0x08004328        0x4 Drivers/STM32F3xx_HAL_Driver/stm32f3xx_hal_uart.o
                0x08004328                HAL_UART_TxCpltCallback
 .text.HAL_UART_RxCpltCallback
                0x0800432c        0x4 Drivers/STM32F3xx_HAL_Driver/stm32f3xx_hal_uart.o
                0x0800432c                HAL_UART_RxCpltCallback
 .text.HAL_UART_ErrorCallback
                0x08004330        0x4 Drivers/STM32F3xx_HAL_Driver/stm32f3xx_hal_uart.o
                0x08004330                HAL_UART_ErrorCallback
 .text.UART_DMAAbortOnError
                0x08004334       0x14 Drivers/STM32F3xx_HAL_Driver/stm32f3xx_hal_uart.o
 .text.UART_SetConfig
                0x08004348      0x2a0 Drivers/STM32F3xx_HAL_Driver/stm32f3xx_hal_uart.o
                0x08004348                UART_SetConfig
 .text.UART_AdvFeatureConfig
                0x080045e8       0xc8 Drivers/STM32F3xx_HAL_Driver/stm32f3xx_hal_uart.o
                0x080045e8                UART_AdvFeatureConfig
 .text.UART_WaitOnFlagUntilTimeout
                0x080046b0       0x68 Drivers/STM32F3xx_HAL_Driver/stm32f3xx_hal_uart.o
                0x080046b0                UART_WaitOnFlagUntilTimeout
 .text.UART_CheckIdleState
                0x08004718       0x6c Drivers/STM32F3xx_HAL_Driver/stm32f3xx_hal_uart.o
                0x08004718                UART_CheckIdleState
 .text.HAL_UART_Init
                0x08004784       0x6c Drivers/STM32F3xx_HAL_Driver/stm32f3xx_hal_uart.o
                0x08004784                HAL_UART_Init
 .text.UART_Transmit_IT
                0x080047f0       0x6c Drivers/STM32F3xx_HAL_Driver/stm32f3xx_hal_uart.o
                0x080047f0                UART_Transmit_IT
 .text.UART_EndTransmit_IT
                0x0800485c       0x1c Drivers/STM32F3xx_HAL_Driver/stm32f3xx_hal_uart.o
                0x0800485c                UART_EndTransmit_IT
 .text.UART_Receive_IT
                0x08004878       0x80 Drivers/STM32F3xx_HAL_Driver/stm32f3xx_hal_uart.o
                0x08004878                UART_Receive_IT
 .text.HAL_UART_IRQHandler
                0x080048f8      0x158 Drivers/STM32F3xx_HAL_Driver/stm32f3xx_hal_uart.o
                0x080048f8                HAL_UART_IRQHandler
 .text.HAL_UARTEx_WakeupCallback
                0x08004a50        0x4 Drivers/STM32F3xx_HAL_Driver/stm32f3xx_hal_uart_ex.o
                0x08004a50                HAL_UARTEx_WakeupCallback
 .text.round    0x08004a54       0xa0 c:/users/andy/.p2/pool/plugins/fr.ac6.mcu.externaltools.arm-none.win32_1.13.2.201703061525/tools/compiler/bin/../lib/gcc/arm-none-eabi/5.4.1/../../../../arm-none-eabi/lib/armv7e-m\libm.a(lib_a-s_round.o)
                0x08004a54                round
 .text.expf     0x08004af4       0xe4 c:/users/andy/.p2/pool/plugins/fr.ac6.mcu.externaltools.arm-none.win32_1.13.2.201703061525/tools/compiler/bin/../lib/gcc/arm-none-eabi/5.4.1/../../../../arm-none-eabi/lib/armv7e-m\libm.a(lib_a-wf_exp.o)
                0x08004af4                expf
 .text.__ieee754_expf
                0x08004bd8      0x1fc c:/users/andy/.p2/pool/plugins/fr.ac6.mcu.externaltools.arm-none.win32_1.13.2.201703061525/tools/compiler/bin/../lib/gcc/arm-none-eabi/5.4.1/../../../../arm-none-eabi/lib/armv7e-m\libm.a(lib_a-ef_exp.o)
                0x08004bd8                __ieee754_expf
 .text.matherr  0x08004dd4        0x4 c:/users/andy/.p2/pool/plugins/fr.ac6.mcu.externaltools.arm-none.win32_1.13.2.201703061525/tools/compiler/bin/../lib/gcc/arm-none-eabi/5.4.1/../../../../arm-none-eabi/lib/armv7e-m\libm.a(lib_a-s_matherr.o)
                0x08004dd4                matherr
 .text.finitef  0x08004dd8       0x10 c:/users/andy/.p2/pool/plugins/fr.ac6.mcu.externaltools.arm-none.win32_1.13.2.201703061525/tools/compiler/bin/../lib/gcc/arm-none-eabi/5.4.1/../../../../arm-none-eabi/lib/armv7e-m\libm.a(lib_a-sf_finite.o)
                0x08004dd8                finitef
 .text.__errno  0x08004de8        0xc c:/users/andy/.p2/pool/plugins/fr.ac6.mcu.externaltools.arm-none.win32_1.13.2.201703061525/tools/compiler/bin/../lib/gcc/arm-none-eabi/5.4.1/../../../../arm-none-eabi/lib/armv7e-m\libc_nano.a(lib_a-errno.o)
                0x08004de8                __errno
 .text.__libc_init_array
                0x08004df4       0x4c c:/users/andy/.p2/pool/plugins/fr.ac6.mcu.externaltools.arm-none.win32_1.13.2.201703061525/tools/compiler/bin/../lib/gcc/arm-none-eabi/5.4.1/../../../../arm-none-eabi/lib/armv7e-m\libc_nano.a(lib_a-init.o)
                0x08004df4                __libc_init_array
 *(.glue_7)
 .glue_7        0x08004e40        0x0 linker stubs
 *(.glue_7t)
 .glue_7t       0x08004e40        0x0 linker stubs
 *(.eh_frame)
 .eh_frame      0x08004e40        0x0 c:/users/andy/.p2/pool/plugins/fr.ac6.mcu.externaltools.arm-none.win32_1.13.2.201703061525/tools/compiler/bin/../lib/gcc/arm-none-eabi/5.4.1/armv7e-m/crtbegin.o
 *(.init)
 .init          0x08004e40        0x4 c:/users/andy/.p2/pool/plugins/fr.ac6.mcu.externaltools.arm-none.win32_1.13.2.201703061525/tools/compiler/bin/../lib/gcc/arm-none-eabi/5.4.1/armv7e-m/crti.o
                0x08004e40                _init
 .init          0x08004e44        0x8 c:/users/andy/.p2/pool/plugins/fr.ac6.mcu.externaltools.arm-none.win32_1.13.2.201703061525/tools/compiler/bin/../lib/gcc/arm-none-eabi/5.4.1/armv7e-m/crtn.o
 *(.fini)
 .fini          0x08004e4c        0x4 c:/users/andy/.p2/pool/plugins/fr.ac6.mcu.externaltools.arm-none.win32_1.13.2.201703061525/tools/compiler/bin/../lib/gcc/arm-none-eabi/5.4.1/armv7e-m/crti.o
                0x08004e4c                _fini
 .fini          0x08004e50        0x8 c:/users/andy/.p2/pool/plugins/fr.ac6.mcu.externaltools.arm-none.win32_1.13.2.201703061525/tools/compiler/bin/../lib/gcc/arm-none-eabi/5.4.1/armv7e-m/crtn.o
                0x08004e58                . = ALIGN (0x4)
                0x08004e58                _etext = .

.vfp11_veneer   0x08004e58        0x0
 .vfp11_veneer  0x08004e58        0x0 linker stubs

.v4_bx          0x08004e58        0x0
 .v4_bx         0x08004e58        0x0 linker stubs

.iplt           0x08004e58        0x0
 .iplt          0x08004e58        0x0 c:/users/andy/.p2/pool/plugins/fr.ac6.mcu.externaltools.arm-none.win32_1.13.2.201703061525/tools/compiler/bin/../lib/gcc/arm-none-eabi/5.4.1/armv7e-m/crtbegin.o

.rodata         0x08004e58       0xbc
                0x08004e58                . = ALIGN (0x4)
 *(.rodata)
 .rodata        0x08004e58       0x18 Drivers/CMSIS/system_stm32f3xx.o
                0x08004e58                AHBPrescTable
                0x08004e68                APBPrescTable
 .rodata        0x08004e70       0x20 Drivers/STM32F3xx_HAL_Driver/stm32f3xx_hal_rcc.o
                0x08004e70                aPLLMULFactorTable
                0x08004e80                aPredivFactorTable
 *(.rodata*)
 .rodata.str1.4
                0x08004e90       0x2a Application/User/main.o
 *fill*         0x08004eba        0x2 
 .rodata.str1.4
                0x08004ebc       0x37 Application/User/stm32f3xx_hal_msp.o
 *fill*         0x08004ef3        0x1 
 .rodata.str1.4
                0x08004ef4        0x8 c:/users/andy/.p2/pool/plugins/fr.ac6.mcu.externaltools.arm-none.win32_1.13.2.201703061525/tools/compiler/bin/../lib/gcc/arm-none-eabi/5.4.1/../../../../arm-none-eabi/lib/armv7e-m\libm.a(lib_a-wf_exp.o)
                                  0x5 (size before relaxing)
 .rodata.halF   0x08004efc        0x8 c:/users/andy/.p2/pool/plugins/fr.ac6.mcu.externaltools.arm-none.win32_1.13.2.201703061525/tools/compiler/bin/../lib/gcc/arm-none-eabi/5.4.1/../../../../arm-none-eabi/lib/armv7e-m\libm.a(lib_a-ef_exp.o)
 .rodata.ln2LO  0x08004f04        0x8 c:/users/andy/.p2/pool/plugins/fr.ac6.mcu.externaltools.arm-none.win32_1.13.2.201703061525/tools/compiler/bin/../lib/gcc/arm-none-eabi/5.4.1/../../../../arm-none-eabi/lib/armv7e-m\libm.a(lib_a-ef_exp.o)
 .rodata.ln2HI  0x08004f0c        0x8 c:/users/andy/.p2/pool/plugins/fr.ac6.mcu.externaltools.arm-none.win32_1.13.2.201703061525/tools/compiler/bin/../lib/gcc/arm-none-eabi/5.4.1/../../../../arm-none-eabi/lib/armv7e-m\libm.a(lib_a-ef_exp.o)
                0x08004f14                . = ALIGN (0x4)

.rel.dyn        0x08004f14        0x0
 .rel.iplt      0x08004f14        0x0 c:/users/andy/.p2/pool/plugins/fr.ac6.mcu.externaltools.arm-none.win32_1.13.2.201703061525/tools/compiler/bin/../lib/gcc/arm-none-eabi/5.4.1/armv7e-m/crtbegin.o

.ARM.extab
 *(.ARM.extab* .gnu.linkonce.armextab.*)

.ARM            0x08004f14        0x0
                0x08004f14                __exidx_start = .
 *(.ARM.exidx*)
                0x08004f14                __exidx_end = .

.preinit_array  0x08004f14        0x0
                0x08004f14                PROVIDE (__preinit_array_start, .)
 *(.preinit_array*)
                0x08004f14                PROVIDE (__preinit_array_end, .)

.init_array     0x08004f14        0x4
                0x08004f14                PROVIDE (__init_array_start, .)
 *(SORT(.init_array.*))
 *(.init_array*)
 .init_array    0x08004f14        0x4 c:/users/andy/.p2/pool/plugins/fr.ac6.mcu.externaltools.arm-none.win32_1.13.2.201703061525/tools/compiler/bin/../lib/gcc/arm-none-eabi/5.4.1/armv7e-m/crtbegin.o
                0x08004f18                PROVIDE (__init_array_end, .)

.fini_array     0x08004f18        0x4
                [!provide]                PROVIDE (__fini_array_start, .)
 *(SORT(.fini_array.*))
 *(.fini_array*)
 .fini_array    0x08004f18        0x4 c:/users/andy/.p2/pool/plugins/fr.ac6.mcu.externaltools.arm-none.win32_1.13.2.201703061525/tools/compiler/bin/../lib/gcc/arm-none-eabi/5.4.1/armv7e-m/crtbegin.o
                [!provide]                PROVIDE (__fini_array_end, .)
                0x08004f1c                _sidata = LOADADDR (.data)

.data           0x20000000       0x6c load address 0x08004f1c
                0x20000000                . = ALIGN (0x4)
                0x20000000                _sdata = .
 *(.data)
 .data          0x20000000        0x4 Drivers/CMSIS/system_stm32f3xx.o
                0x20000000                SystemCoreClock
 *(.data*)
 .data.__fdlib_version
                0x20000004        0x1 c:/users/andy/.p2/pool/plugins/fr.ac6.mcu.externaltools.arm-none.win32_1.13.2.201703061525/tools/compiler/bin/../lib/gcc/arm-none-eabi/5.4.1/../../../../arm-none-eabi/lib/armv7e-m\libm.a(lib_a-s_lib_ver.o)
                0x20000004                __fdlib_version
 *fill*         0x20000005        0x3 
 .data.impure_data
                0x20000008       0x60 c:/users/andy/.p2/pool/plugins/fr.ac6.mcu.externaltools.arm-none.win32_1.13.2.201703061525/tools/compiler/bin/../lib/gcc/arm-none-eabi/5.4.1/../../../../arm-none-eabi/lib/armv7e-m\libc_nano.a(lib_a-impure.o)
 .data._impure_ptr
                0x20000068        0x4 c:/users/andy/.p2/pool/plugins/fr.ac6.mcu.externaltools.arm-none.win32_1.13.2.201703061525/tools/compiler/bin/../lib/gcc/arm-none-eabi/5.4.1/../../../../arm-none-eabi/lib/armv7e-m\libc_nano.a(lib_a-impure.o)
                0x20000068                _impure_ptr
                0x2000006c                . = ALIGN (0x4)
                0x2000006c                _edata = .
                0x08004f88                _siccmram = LOADADDR (.ccmram)

.jcr            0x2000006c        0x0 load address 0x08004f88
 .jcr           0x2000006c        0x0 c:/users/andy/.p2/pool/plugins/fr.ac6.mcu.externaltools.arm-none.win32_1.13.2.201703061525/tools/compiler/bin/../lib/gcc/arm-none-eabi/5.4.1/armv7e-m/crtbegin.o

.igot.plt       0x2000006c        0x0 load address 0x08004f88
 .igot.plt      0x2000006c        0x0 c:/users/andy/.p2/pool/plugins/fr.ac6.mcu.externaltools.arm-none.win32_1.13.2.201703061525/tools/compiler/bin/../lib/gcc/arm-none-eabi/5.4.1/armv7e-m/crtbegin.o

.ccmram         0x10000000        0x0 load address 0x08004f88
                0x10000000                . = ALIGN (0x4)
                0x10000000                _sccmram = .
 *(.ccmram)
 *(.ccmram*)
                0x10000000                . = ALIGN (0x4)
                0x10000000                _eccmram = .
                0x10000000                . = ALIGN (0x4)

.bss            0x2000006c      0x2bc
                0x2000006c                _sbss = .
                0x2000006c                __bss_start__ = _sbss
 *(.bss)
 .bss           0x2000006c       0x1c c:/users/andy/.p2/pool/plugins/fr.ac6.mcu.externaltools.arm-none.win32_1.13.2.201703061525/tools/compiler/bin/../lib/gcc/arm-none-eabi/5.4.1/armv7e-m/crtbegin.o
 *(.bss*)
 *(COMMON)
 COMMON         0x20000088      0x29c Application/User/main.o
                0x20000088                inputLayer
                0x2000008c                InputVals
                0x20000094                hadc2
                0x200000e8                inputWeights
                0x20000148                wyk
                0x2000014c                outputLayer
                0x20000150                OutputVals
                0x20000160                huart1
                0x200001d0                hiddenWeights
                0x20000260                hiddenNeurons
                0x20000280                sum1
                0x20000284                htim1
                0x200002c4                hiddenLayer
                0x200002c8                inputNeurons
                0x200002d0                hdma_adc2
                0x20000314                outputNeurons
 COMMON         0x20000324        0x4 Drivers/STM32F3xx_HAL_Driver/stm32f3xx_hal.o
                0x20000324                uwTick
                0x20000328                . = ALIGN (0x4)
                0x20000328                _ebss = .
                0x20000328                __bss_end__ = _ebss

._user_heap_stack
                0x20000328      0x600
                0x20000328                . = ALIGN (0x8)
                [!provide]                PROVIDE (end, .)
                [!provide]                PROVIDE (_end, .)
                0x20000528                . = (. + _Min_Heap_Size)
 *fill*         0x20000328      0x200 
                0x20000928                . = (. + _Min_Stack_Size)
 *fill*         0x20000528      0x400 
                0x20000928                . = ALIGN (0x8)

/DISCARD/
 libc.a(*)
 libm.a(*)
 libgcc.a(*)

.ARM.attributes
                0x00000000       0x2a
 *(.ARM.attributes)
 .ARM.attributes
                0x00000000       0x1e c:/users/andy/.p2/pool/plugins/fr.ac6.mcu.externaltools.arm-none.win32_1.13.2.201703061525/tools/compiler/bin/../lib/gcc/arm-none-eabi/5.4.1/armv7e-m/crti.o
 .ARM.attributes
                0x0000001e       0x2e c:/users/andy/.p2/pool/plugins/fr.ac6.mcu.externaltools.arm-none.win32_1.13.2.201703061525/tools/compiler/bin/../lib/gcc/arm-none-eabi/5.4.1/armv7e-m/crtbegin.o
 .ARM.attributes
                0x0000004c       0x21 Application/SW4STM32/startup_stm32f303xe.o
 .ARM.attributes
                0x0000006d       0x33 Application/User/main.o
 .ARM.attributes
                0x000000a0       0x33 Application/User/stm32f3xx_hal_msp.o
 .ARM.attributes
                0x000000d3       0x33 Application/User/stm32f3xx_it.o
 .ARM.attributes
                0x00000106       0x33 Drivers/CMSIS/system_stm32f3xx.o
 .ARM.attributes
                0x00000139       0x33 Drivers/STM32F3xx_HAL_Driver/stm32f3xx_hal.o
 .ARM.attributes
                0x0000016c       0x33 Drivers/STM32F3xx_HAL_Driver/stm32f3xx_hal_adc.o
 .ARM.attributes
                0x0000019f       0x33 Drivers/STM32F3xx_HAL_Driver/stm32f3xx_hal_adc_ex.o
 .ARM.attributes
                0x000001d2       0x33 Drivers/STM32F3xx_HAL_Driver/stm32f3xx_hal_cortex.o
 .ARM.attributes
                0x00000205       0x33 Drivers/STM32F3xx_HAL_Driver/stm32f3xx_hal_dma.o
 .ARM.attributes
                0x00000238       0x33 Drivers/STM32F3xx_HAL_Driver/stm32f3xx_hal_gpio.o
 .ARM.attributes
                0x0000026b       0x33 Drivers/STM32F3xx_HAL_Driver/stm32f3xx_hal_rcc.o
 .ARM.attributes
                0x0000029e       0x33 Drivers/STM32F3xx_HAL_Driver/stm32f3xx_hal_rcc_ex.o
 .ARM.attributes
                0x000002d1       0x33 Drivers/STM32F3xx_HAL_Driver/stm32f3xx_hal_tim.o
 .ARM.attributes
                0x00000304       0x33 Drivers/STM32F3xx_HAL_Driver/stm32f3xx_hal_tim_ex.o
 .ARM.attributes
                0x00000337       0x33 Drivers/STM32F3xx_HAL_Driver/stm32f3xx_hal_uart.o
 .ARM.attributes
                0x0000036a       0x33 Drivers/STM32F3xx_HAL_Driver/stm32f3xx_hal_uart_ex.o
 .ARM.attributes
                0x0000039d       0x2e c:/users/andy/.p2/pool/plugins/fr.ac6.mcu.externaltools.arm-none.win32_1.13.2.201703061525/tools/compiler/bin/../lib/gcc/arm-none-eabi/5.4.1/../../../../arm-none-eabi/lib/armv7e-m\libm.a(lib_a-s_round.o)
 .ARM.attributes
                0x000003cb       0x2e c:/users/andy/.p2/pool/plugins/fr.ac6.mcu.externaltools.arm-none.win32_1.13.2.201703061525/tools/compiler/bin/../lib/gcc/arm-none-eabi/5.4.1/../../../../arm-none-eabi/lib/armv7e-m\libm.a(lib_a-wf_exp.o)
 .ARM.attributes
                0x000003f9       0x2e c:/users/andy/.p2/pool/plugins/fr.ac6.mcu.externaltools.arm-none.win32_1.13.2.201703061525/tools/compiler/bin/../lib/gcc/arm-none-eabi/5.4.1/../../../../arm-none-eabi/lib/armv7e-m\libm.a(lib_a-ef_exp.o)
 .ARM.attributes
                0x00000427       0x2e c:/users/andy/.p2/pool/plugins/fr.ac6.mcu.externaltools.arm-none.win32_1.13.2.201703061525/tools/compiler/bin/../lib/gcc/arm-none-eabi/5.4.1/../../../../arm-none-eabi/lib/armv7e-m\libm.a(lib_a-s_lib_ver.o)
 .ARM.attributes
                0x00000455       0x2e c:/users/andy/.p2/pool/plugins/fr.ac6.mcu.externaltools.arm-none.win32_1.13.2.201703061525/tools/compiler/bin/../lib/gcc/arm-none-eabi/5.4.1/../../../../arm-none-eabi/lib/armv7e-m\libm.a(lib_a-s_matherr.o)
 .ARM.attributes
                0x00000483       0x2e c:/users/andy/.p2/pool/plugins/fr.ac6.mcu.externaltools.arm-none.win32_1.13.2.201703061525/tools/compiler/bin/../lib/gcc/arm-none-eabi/5.4.1/../../../../arm-none-eabi/lib/armv7e-m\libm.a(lib_a-sf_finite.o)
 .ARM.attributes
                0x000004b1       0x2e c:/users/andy/.p2/pool/plugins/fr.ac6.mcu.externaltools.arm-none.win32_1.13.2.201703061525/tools/compiler/bin/../lib/gcc/arm-none-eabi/5.4.1/../../../../arm-none-eabi/lib/armv7e-m\libc_nano.a(lib_a-errno.o)
 .ARM.attributes
                0x000004df       0x2e c:/users/andy/.p2/pool/plugins/fr.ac6.mcu.externaltools.arm-none.win32_1.13.2.201703061525/tools/compiler/bin/../lib/gcc/arm-none-eabi/5.4.1/../../../../arm-none-eabi/lib/armv7e-m\libc_nano.a(lib_a-impure.o)
 .ARM.attributes
                0x0000050d       0x2e c:/users/andy/.p2/pool/plugins/fr.ac6.mcu.externaltools.arm-none.win32_1.13.2.201703061525/tools/compiler/bin/../lib/gcc/arm-none-eabi/5.4.1/../../../../arm-none-eabi/lib/armv7e-m\libc_nano.a(lib_a-init.o)
 .ARM.attributes
                0x0000053b       0x1e c:/users/andy/.p2/pool/plugins/fr.ac6.mcu.externaltools.arm-none.win32_1.13.2.201703061525/tools/compiler/bin/../lib/gcc/arm-none-eabi/5.4.1/armv7e-m\libgcc.a(_arm_addsubdf3.o)
 .ARM.attributes
                0x00000559       0x1e c:/users/andy/.p2/pool/plugins/fr.ac6.mcu.externaltools.arm-none.win32_1.13.2.201703061525/tools/compiler/bin/../lib/gcc/arm-none-eabi/5.4.1/armv7e-m\libgcc.a(_arm_muldivdf3.o)
 .ARM.attributes
                0x00000577       0x1e c:/users/andy/.p2/pool/plugins/fr.ac6.mcu.externaltools.arm-none.win32_1.13.2.201703061525/tools/compiler/bin/../lib/gcc/arm-none-eabi/5.4.1/armv7e-m\libgcc.a(_arm_fixunsdfsi.o)
 .ARM.attributes
                0x00000595       0x1e c:/users/andy/.p2/pool/plugins/fr.ac6.mcu.externaltools.arm-none.win32_1.13.2.201703061525/tools/compiler/bin/../lib/gcc/arm-none-eabi/5.4.1/armv7e-m\libgcc.a(_arm_truncdfsf2.o)
 .ARM.attributes
                0x000005b3       0x1e c:/users/andy/.p2/pool/plugins/fr.ac6.mcu.externaltools.arm-none.win32_1.13.2.201703061525/tools/compiler/bin/../lib/gcc/arm-none-eabi/5.4.1/armv7e-m\libgcc.a(_arm_addsubsf3.o)
 .ARM.attributes
                0x000005d1       0x1e c:/users/andy/.p2/pool/plugins/fr.ac6.mcu.externaltools.arm-none.win32_1.13.2.201703061525/tools/compiler/bin/../lib/gcc/arm-none-eabi/5.4.1/armv7e-m\libgcc.a(_arm_muldivsf3.o)
 .ARM.attributes
                0x000005ef       0x1e c:/users/andy/.p2/pool/plugins/fr.ac6.mcu.externaltools.arm-none.win32_1.13.2.201703061525/tools/compiler/bin/../lib/gcc/arm-none-eabi/5.4.1/armv7e-m\libgcc.a(_arm_cmpsf2.o)
 .ARM.attributes
                0x0000060d       0x1e c:/users/andy/.p2/pool/plugins/fr.ac6.mcu.externaltools.arm-none.win32_1.13.2.201703061525/tools/compiler/bin/../lib/gcc/arm-none-eabi/5.4.1/armv7e-m\libgcc.a(_arm_fixsfsi.o)
 .ARM.attributes
                0x0000062b       0x1e c:/users/andy/.p2/pool/plugins/fr.ac6.mcu.externaltools.arm-none.win32_1.13.2.201703061525/tools/compiler/bin/../lib/gcc/arm-none-eabi/5.4.1/armv7e-m\libgcc.a(_arm_fixunssfsi.o)
 .ARM.attributes
                0x00000649       0x1e c:/users/andy/.p2/pool/plugins/fr.ac6.mcu.externaltools.arm-none.win32_1.13.2.201703061525/tools/compiler/bin/../lib/gcc/arm-none-eabi/5.4.1/armv7e-m/crtn.o
OUTPUT(Robot2.elf elf32-littlearm)

.debug_line     0x00000000     0xc257
 .debug_line    0x00000000       0x9c Application/SW4STM32/startup_stm32f303xe.o
 .debug_line    0x0000009c      0x93a Application/User/main.o
 .debug_line    0x000009d6      0x837 Application/User/stm32f3xx_hal_msp.o
 .debug_line    0x0000120d      0x7d2 Application/User/stm32f3xx_it.o
 .debug_line    0x000019df      0x7ab Drivers/CMSIS/system_stm32f3xx.o
 .debug_line    0x0000218a      0x918 Drivers/STM32F3xx_HAL_Driver/stm32f3xx_hal.o
 .debug_line    0x00002aa2      0x916 Drivers/STM32F3xx_HAL_Driver/stm32f3xx_hal_adc.o
 .debug_line    0x000033b8     0x191b Drivers/STM32F3xx_HAL_Driver/stm32f3xx_hal_adc_ex.o
 .debug_line    0x00004cd3      0x97b Drivers/STM32F3xx_HAL_Driver/stm32f3xx_hal_cortex.o
 .debug_line    0x0000564e      0x9c3 Drivers/STM32F3xx_HAL_Driver/stm32f3xx_hal_dma.o
 .debug_line    0x00006011      0x8e9 Drivers/STM32F3xx_HAL_Driver/stm32f3xx_hal_gpio.o
 .debug_line    0x000068fa      0xc4f Drivers/STM32F3xx_HAL_Driver/stm32f3xx_hal_rcc.o
 .debug_line    0x00007549      0xaaa Drivers/STM32F3xx_HAL_Driver/stm32f3xx_hal_rcc_ex.o
 .debug_line    0x00007ff3     0x193b Drivers/STM32F3xx_HAL_Driver/stm32f3xx_hal_tim.o
 .debug_line    0x0000992e      0xed6 Drivers/STM32F3xx_HAL_Driver/stm32f3xx_hal_tim_ex.o
 .debug_line    0x0000a804     0x11c0 Drivers/STM32F3xx_HAL_Driver/stm32f3xx_hal_uart.o
 .debug_line    0x0000b9c4      0x893 Drivers/STM32F3xx_HAL_Driver/stm32f3xx_hal_uart_ex.o

.debug_info     0x00000000    0x10d22
 .debug_info    0x00000000       0x97 Application/SW4STM32/startup_stm32f303xe.o
 .debug_info    0x00000097     0x2025 Application/User/main.o
 .debug_info    0x000020bc     0x13a8 Application/User/stm32f3xx_hal_msp.o
 .debug_info    0x00003464      0x6c1 Application/User/stm32f3xx_it.o
 .debug_info    0x00003b25      0x404 Drivers/CMSIS/system_stm32f3xx.o
 .debug_info    0x00003f29      0x782 Drivers/STM32F3xx_HAL_Driver/stm32f3xx_hal.o
 .debug_info    0x000046ab      0xafe Drivers/STM32F3xx_HAL_Driver/stm32f3xx_hal_adc.o
 .debug_info    0x000051a9     0x1a67 Drivers/STM32F3xx_HAL_Driver/stm32f3xx_hal_adc_ex.o
 .debug_info    0x00006c10      0xea7 Drivers/STM32F3xx_HAL_Driver/stm32f3xx_hal_cortex.o
 .debug_info    0x00007ab7      0x7f8 Drivers/STM32F3xx_HAL_Driver/stm32f3xx_hal_dma.o
 .debug_info    0x000082af      0x724 Drivers/STM32F3xx_HAL_Driver/stm32f3xx_hal_gpio.o
 .debug_info    0x000089d3     0x13a2 Drivers/STM32F3xx_HAL_Driver/stm32f3xx_hal_rcc.o
 .debug_info    0x00009d75      0x7be Drivers/STM32F3xx_HAL_Driver/stm32f3xx_hal_rcc_ex.o
 .debug_info    0x0000a533     0x2f50 Drivers/STM32F3xx_HAL_Driver/stm32f3xx_hal_tim.o
 .debug_info    0x0000d483     0x1638 Drivers/STM32F3xx_HAL_Driver/stm32f3xx_hal_tim_ex.o
 .debug_info    0x0000eabb     0x1984 Drivers/STM32F3xx_HAL_Driver/stm32f3xx_hal_uart.o
 .debug_info    0x0001043f      0x8e3 Drivers/STM32F3xx_HAL_Driver/stm32f3xx_hal_uart_ex.o

.debug_abbrev   0x00000000     0x201c
 .debug_abbrev  0x00000000       0x12 Application/SW4STM32/startup_stm32f303xe.o
 .debug_abbrev  0x00000012      0x284 Application/User/main.o
 .debug_abbrev  0x00000296      0x1e3 Application/User/stm32f3xx_hal_msp.o
 .debug_abbrev  0x00000479      0x14c Application/User/stm32f3xx_it.o
 .debug_abbrev  0x000005c5      0x104 Drivers/CMSIS/system_stm32f3xx.o
 .debug_abbrev  0x000006c9      0x1d0 Drivers/STM32F3xx_HAL_Driver/stm32f3xx_hal.o
 .debug_abbrev  0x00000899      0x162 Drivers/STM32F3xx_HAL_Driver/stm32f3xx_hal_adc.o
 .debug_abbrev  0x000009fb      0x28d Drivers/STM32F3xx_HAL_Driver/stm32f3xx_hal_adc_ex.o
 .debug_abbrev  0x00000c88      0x2e2 Drivers/STM32F3xx_HAL_Driver/stm32f3xx_hal_cortex.o
 .debug_abbrev  0x00000f6a      0x201 Drivers/STM32F3xx_HAL_Driver/stm32f3xx_hal_dma.o
 .debug_abbrev  0x0000116b      0x1cd Drivers/STM32F3xx_HAL_Driver/stm32f3xx_hal_gpio.o
 .debug_abbrev  0x00001338      0x283 Drivers/STM32F3xx_HAL_Driver/stm32f3xx_hal_rcc.o
 .debug_abbrev  0x000015bb      0x242 Drivers/STM32F3xx_HAL_Driver/stm32f3xx_hal_rcc_ex.o
 .debug_abbrev  0x000017fd      0x21b Drivers/STM32F3xx_HAL_Driver/stm32f3xx_hal_tim.o
 .debug_abbrev  0x00001a18      0x21b Drivers/STM32F3xx_HAL_Driver/stm32f3xx_hal_tim_ex.o
 .debug_abbrev  0x00001c33      0x216 Drivers/STM32F3xx_HAL_Driver/stm32f3xx_hal_uart.o
 .debug_abbrev  0x00001e49      0x1d3 Drivers/STM32F3xx_HAL_Driver/stm32f3xx_hal_uart_ex.o

.debug_aranges  0x00000000      0xdb8
 .debug_aranges
                0x00000000       0x28 Application/SW4STM32/startup_stm32f303xe.o
 .debug_aranges
                0x00000028       0x68 Application/User/main.o
 .debug_aranges
                0x00000090       0x58 Application/User/stm32f3xx_hal_msp.o
 .debug_aranges
                0x000000e8       0x40 Application/User/stm32f3xx_it.o
 .debug_aranges
                0x00000128       0x28 Drivers/CMSIS/system_stm32f3xx.o
 .debug_aranges
                0x00000150       0xc8 Drivers/STM32F3xx_HAL_Driver/stm32f3xx_hal.o
 .debug_aranges
                0x00000218       0xc8 Drivers/STM32F3xx_HAL_Driver/stm32f3xx_hal_adc.o
 .debug_aranges
                0x000002e0      0x168 Drivers/STM32F3xx_HAL_Driver/stm32f3xx_hal_adc_ex.o
 .debug_aranges
                0x00000448       0xa8 Drivers/STM32F3xx_HAL_Driver/stm32f3xx_hal_cortex.o
 .debug_aranges
                0x000004f0       0x88 Drivers/STM32F3xx_HAL_Driver/stm32f3xx_hal_dma.o
 .debug_aranges
                0x00000578       0x58 Drivers/STM32F3xx_HAL_Driver/stm32f3xx_hal_gpio.o
 .debug_aranges
                0x000005d0       0x88 Drivers/STM32F3xx_HAL_Driver/stm32f3xx_hal_rcc.o
 .debug_aranges
                0x00000658       0x38 Drivers/STM32F3xx_HAL_Driver/stm32f3xx_hal_rcc_ex.o
 .debug_aranges
                0x00000690      0x378 Drivers/STM32F3xx_HAL_Driver/stm32f3xx_hal_tim.o
 .debug_aranges
                0x00000a08      0x178 Drivers/STM32F3xx_HAL_Driver/stm32f3xx_hal_tim_ex.o
 .debug_aranges
                0x00000b80      0x1f0 Drivers/STM32F3xx_HAL_Driver/stm32f3xx_hal_uart.o
 .debug_aranges
                0x00000d70       0x48 Drivers/STM32F3xx_HAL_Driver/stm32f3xx_hal_uart_ex.o

.debug_ranges   0x00000000      0xce0
 .debug_ranges  0x00000000       0x20 Application/SW4STM32/startup_stm32f303xe.o
 .debug_ranges  0x00000020       0x58 Application/User/main.o
 .debug_ranges  0x00000078       0x48 Application/User/stm32f3xx_hal_msp.o
 .debug_ranges  0x000000c0       0x30 Application/User/stm32f3xx_it.o
 .debug_ranges  0x000000f0       0x18 Drivers/CMSIS/system_stm32f3xx.o
 .debug_ranges  0x00000108       0xb8 Drivers/STM32F3xx_HAL_Driver/stm32f3xx_hal.o
 .debug_ranges  0x000001c0       0xb8 Drivers/STM32F3xx_HAL_Driver/stm32f3xx_hal_adc.o
 .debug_ranges  0x00000278      0x158 Drivers/STM32F3xx_HAL_Driver/stm32f3xx_hal_adc_ex.o
 .debug_ranges  0x000003d0       0x98 Drivers/STM32F3xx_HAL_Driver/stm32f3xx_hal_cortex.o
 .debug_ranges  0x00000468       0x78 Drivers/STM32F3xx_HAL_Driver/stm32f3xx_hal_dma.o
 .debug_ranges  0x000004e0       0x48 Drivers/STM32F3xx_HAL_Driver/stm32f3xx_hal_gpio.o
 .debug_ranges  0x00000528       0x90 Drivers/STM32F3xx_HAL_Driver/stm32f3xx_hal_rcc.o
 .debug_ranges  0x000005b8       0x40 Drivers/STM32F3xx_HAL_Driver/stm32f3xx_hal_rcc_ex.o
 .debug_ranges  0x000005f8      0x368 Drivers/STM32F3xx_HAL_Driver/stm32f3xx_hal_tim.o
 .debug_ranges  0x00000960      0x168 Drivers/STM32F3xx_HAL_Driver/stm32f3xx_hal_tim_ex.o
 .debug_ranges  0x00000ac8      0x1e0 Drivers/STM32F3xx_HAL_Driver/stm32f3xx_hal_uart.o
 .debug_ranges  0x00000ca8       0x38 Drivers/STM32F3xx_HAL_Driver/stm32f3xx_hal_uart_ex.o

.debug_loc      0x00000000     0xa609
 .debug_loc     0x00000000      0x172 Application/User/main.o
 .debug_loc     0x00000172       0xcb Application/User/stm32f3xx_hal_msp.o
 .debug_loc     0x0000023d       0xfe Drivers/CMSIS/system_stm32f3xx.o
 .debug_loc     0x0000033b       0x69 Drivers/STM32F3xx_HAL_Driver/stm32f3xx_hal.o
 .debug_loc     0x000003a4      0x1ef Drivers/STM32F3xx_HAL_Driver/stm32f3xx_hal_adc.o
 .debug_loc     0x00000593     0x1aea Drivers/STM32F3xx_HAL_Driver/stm32f3xx_hal_adc_ex.o
 .debug_loc     0x0000207d      0x548 Drivers/STM32F3xx_HAL_Driver/stm32f3xx_hal_cortex.o
 .debug_loc     0x000025c5      0x658 Drivers/STM32F3xx_HAL_Driver/stm32f3xx_hal_dma.o
 .debug_loc     0x00002c1d      0x2f4 Drivers/STM32F3xx_HAL_Driver/stm32f3xx_hal_gpio.o
 .debug_loc     0x00002f11      0x9d1 Drivers/STM32F3xx_HAL_Driver/stm32f3xx_hal_rcc.o
 .debug_loc     0x000038e2      0xad9 Drivers/STM32F3xx_HAL_Driver/stm32f3xx_hal_rcc_ex.o
 .debug_loc     0x000043bb     0x33d3 Drivers/STM32F3xx_HAL_Driver/stm32f3xx_hal_tim.o
 .debug_loc     0x0000778e     0x16cd Drivers/STM32F3xx_HAL_Driver/stm32f3xx_hal_tim_ex.o
 .debug_loc     0x00008e5b     0x1502 Drivers/STM32F3xx_HAL_Driver/stm32f3xx_hal_uart.o
 .debug_loc     0x0000a35d      0x2ac Drivers/STM32F3xx_HAL_Driver/stm32f3xx_hal_uart_ex.o

.debug_macro    0x00000000    0x1f06a
 .debug_macro   0x00000000      0x339 Application/User/main.o
 .debug_macro   0x00000339      0x88c Application/User/main.o
 .debug_macro   0x00000bc5       0xac Application/User/main.o
 .debug_macro   0x00000c71       0xab Application/User/main.o
 .debug_macro   0x00000d1c       0x2f Application/User/main.o
 .debug_macro   0x00000d4b       0x28 Application/User/main.o
 .debug_macro   0x00000d73       0x22 Application/User/main.o
 .debug_macro   0x00000d95       0x87 Application/User/main.o
 .debug_macro   0x00000e1c       0x44 Application/User/main.o
 .debug_macro   0x00000e60       0xfd Application/User/main.o
 .debug_macro   0x00000f5d       0x5e Application/User/main.o
 .debug_macro   0x00000fbb      0x1df Application/User/main.o
 .debug_macro   0x0000119a       0x35 Application/User/main.o
 .debug_macro   0x000011cf       0x50 Application/User/main.o
 .debug_macro   0x0000121f      0xe66 Application/User/main.o
 .debug_macro   0x00002085    0x15376 Application/User/main.o
 .debug_macro   0x000173fb       0x43 Application/User/main.o
 .debug_macro   0x0001743e       0x52 Application/User/main.o
 .debug_macro   0x00017490       0x35 Application/User/main.o
 .debug_macro   0x000174c5       0x9c Application/User/main.o
 .debug_macro   0x00017561       0x16 Application/User/main.o
 .debug_macro   0x00017577       0x97 Application/User/main.o
 .debug_macro   0x0001760e      0x30d Application/User/main.o
 .debug_macro   0x0001791b       0xfd Application/User/main.o
 .debug_macro   0x00017a18       0x10 Application/User/main.o
 .debug_macro   0x00017a28       0x52 Application/User/main.o
 .debug_macro   0x00017a7a       0x1f Application/User/main.o
 .debug_macro   0x00017a99       0x43 Application/User/main.o
 .debug_macro   0x00017adc       0x20 Application/User/main.o
 .debug_macro   0x00017afc      0x187 Application/User/main.o
 .debug_macro   0x00017c83       0x10 Application/User/main.o
 .debug_macro   0x00017c93       0x1c Application/User/main.o
 .debug_macro   0x00017caf       0x52 Application/User/main.o
 .debug_macro   0x00017d01       0x40 Application/User/main.o
 .debug_macro   0x00017d41       0x10 Application/User/main.o
 .debug_macro   0x00017d51       0x40 Application/User/main.o
 .debug_macro   0x00017d91       0xd7 Application/User/main.o
 .debug_macro   0x00017e68       0x16 Application/User/main.o
 .debug_macro   0x00017e7e      0x18b Application/User/main.o
 .debug_macro   0x00018009       0x49 Application/User/main.o
 .debug_macro   0x00018052      0x95a Application/User/main.o
 .debug_macro   0x000189ac      0x84a Application/User/main.o
 .debug_macro   0x000191f6      0x13a Application/User/main.o
 .debug_macro   0x00019330      0x23a Application/User/main.o
 .debug_macro   0x0001956a      0x1bc Application/User/main.o
 .debug_macro   0x00019726       0x31 Application/User/main.o
 .debug_macro   0x00019757       0x3c Application/User/main.o
 .debug_macro   0x00019793      0x23a Application/User/main.o
 .debug_macro   0x000199cd      0xa05 Application/User/main.o
 .debug_macro   0x0001a3d2       0x77 Application/User/main.o
 .debug_macro   0x0001a449       0xcb Application/User/main.o
 .debug_macro   0x0001a514      0x21e Application/User/main.o
 .debug_macro   0x0001a732      0x202 Application/User/main.o
 .debug_macro   0x0001a934       0x5b Application/User/main.o
 .debug_macro   0x0001a98f       0x90 Application/User/main.o
 .debug_macro   0x0001aa1f       0x82 Application/User/main.o
 .debug_macro   0x0001aaa1       0xd3 Application/User/main.o
 .debug_macro   0x0001ab74      0x6af Application/User/main.o
 .debug_macro   0x0001b223      0x3c2 Application/User/main.o
 .debug_macro   0x0001b5e5      0x566 Application/User/main.o
 .debug_macro   0x0001bb4b       0x31 Application/User/main.o
 .debug_macro   0x0001bb7c      0x340 Application/User/main.o
 .debug_macro   0x0001bebc      0x1e1 Application/User/main.o
 .debug_macro   0x0001c09d      0x322 Application/User/stm32f3xx_hal_msp.o
 .debug_macro   0x0001c3bf      0x32c Application/User/stm32f3xx_it.o
 .debug_macro   0x0001c6eb      0x328 Drivers/CMSIS/system_stm32f3xx.o
 .debug_macro   0x0001ca13      0x346 Drivers/STM32F3xx_HAL_Driver/stm32f3xx_hal.o
 .debug_macro   0x0001cd59      0x323 Drivers/STM32F3xx_HAL_Driver/stm32f3xx_hal_adc.o
 .debug_macro   0x0001d07c      0x34c Drivers/STM32F3xx_HAL_Driver/stm32f3xx_hal_adc_ex.o
 .debug_macro   0x0001d3c8      0x322 Drivers/STM32F3xx_HAL_Driver/stm32f3xx_hal_cortex.o
 .debug_macro   0x0001d6ea      0x322 Drivers/STM32F3xx_HAL_Driver/stm32f3xx_hal_dma.o
 .debug_macro   0x0001da0c      0x35a Drivers/STM32F3xx_HAL_Driver/stm32f3xx_hal_gpio.o
 .debug_macro   0x0001dd66      0x346 Drivers/STM32F3xx_HAL_Driver/stm32f3xx_hal_rcc.o
 .debug_macro   0x0001e0ac      0x322 Drivers/STM32F3xx_HAL_Driver/stm32f3xx_hal_rcc_ex.o
 .debug_macro   0x0001e3ce      0x322 Drivers/STM32F3xx_HAL_Driver/stm32f3xx_hal_tim.o
 .debug_macro   0x0001e6f0      0x32e Drivers/STM32F3xx_HAL_Driver/stm32f3xx_hal_tim_ex.o
 .debug_macro   0x0001ea1e      0x32a Drivers/STM32F3xx_HAL_Driver/stm32f3xx_hal_uart.o
 .debug_macro   0x0001ed48      0x322 Drivers/STM32F3xx_HAL_Driver/stm32f3xx_hal_uart_ex.o

.debug_str      0x00000000    0xb459a
 .debug_str     0x00000000    0xb1164 Application/User/main.o
                              0xb1589 (size before relaxing)
 .debug_str     0x000b1164      0x12c Application/User/stm32f3xx_hal_msp.o
                              0xb0605 (size before relaxing)
 .debug_str     0x000b1290       0xe4 Application/User/stm32f3xx_it.o
                              0xafbcf (size before relaxing)
 .debug_str     0x000b1374      0x10a Drivers/CMSIS/system_stm32f3xx.o
                              0xaf7d5 (size before relaxing)
 .debug_str     0x000b147e      0x3a0 Drivers/STM32F3xx_HAL_Driver/stm32f3xx_hal.o
                              0xaffa2 (size before relaxing)
 .debug_str     0x000b181e      0x211 Drivers/STM32F3xx_HAL_Driver/stm32f3xx_hal_adc.o
                              0xafd94 (size before relaxing)
 .debug_str     0x000b1a2f      0x733 Drivers/STM32F3xx_HAL_Driver/stm32f3xx_hal_adc_ex.o
                              0xb04ac (size before relaxing)
 .debug_str     0x000b2162      0x325 Drivers/STM32F3xx_HAL_Driver/stm32f3xx_hal_cortex.o
                              0xb0099 (size before relaxing)
 .debug_str     0x000b2487      0x216 Drivers/STM32F3xx_HAL_Driver/stm32f3xx_hal_dma.o
                              0xafb0e (size before relaxing)
 .debug_str     0x000b269d      0x242 Drivers/STM32F3xx_HAL_Driver/stm32f3xx_hal_gpio.o
                              0xafa6c (size before relaxing)
 .debug_str     0x000b28df      0x2d7 Drivers/STM32F3xx_HAL_Driver/stm32f3xx_hal_rcc.o
                              0xafc34 (size before relaxing)
 .debug_str     0x000b2bb6       0xda Drivers/STM32F3xx_HAL_Driver/stm32f3xx_hal_rcc_ex.o
                              0xafab4 (size before relaxing)
 .debug_str     0x000b2c90      0xc6f Drivers/STM32F3xx_HAL_Driver/stm32f3xx_hal_tim.o
                              0xb08a3 (size before relaxing)
 .debug_str     0x000b38ff      0x48b Drivers/STM32F3xx_HAL_Driver/stm32f3xx_hal_tim_ex.o
                              0xb0309 (size before relaxing)
 .debug_str     0x000b3d8a      0x707 Drivers/STM32F3xx_HAL_Driver/stm32f3xx_hal_uart.o
                              0xb03a6 (size before relaxing)
 .debug_str     0x000b4491      0x109 Drivers/STM32F3xx_HAL_Driver/stm32f3xx_hal_uart_ex.o
                              0xafd31 (size before relaxing)

.comment        0x00000000       0x6e
 .comment       0x00000000       0x6e Application/User/main.o
                                 0x6f (size before relaxing)
 .comment       0x0000006e       0x6f Application/User/stm32f3xx_hal_msp.o
 .comment       0x0000006e       0x6f Application/User/stm32f3xx_it.o
 .comment       0x0000006e       0x6f Drivers/CMSIS/system_stm32f3xx.o
 .comment       0x0000006e       0x6f Drivers/STM32F3xx_HAL_Driver/stm32f3xx_hal.o
 .comment       0x0000006e       0x6f Drivers/STM32F3xx_HAL_Driver/stm32f3xx_hal_adc.o
 .comment       0x0000006e       0x6f Drivers/STM32F3xx_HAL_Driver/stm32f3xx_hal_adc_ex.o
 .comment       0x0000006e       0x6f Drivers/STM32F3xx_HAL_Driver/stm32f3xx_hal_cortex.o
 .comment       0x0000006e       0x6f Drivers/STM32F3xx_HAL_Driver/stm32f3xx_hal_dma.o
 .comment       0x0000006e       0x6f Drivers/STM32F3xx_HAL_Driver/stm32f3xx_hal_gpio.o
 .comment       0x0000006e       0x6f Drivers/STM32F3xx_HAL_Driver/stm32f3xx_hal_rcc.o
 .comment       0x0000006e       0x6f Drivers/STM32F3xx_HAL_Driver/stm32f3xx_hal_rcc_ex.o
 .comment       0x0000006e       0x6f Drivers/STM32F3xx_HAL_Driver/stm32f3xx_hal_tim.o
 .comment       0x0000006e       0x6f Drivers/STM32F3xx_HAL_Driver/stm32f3xx_hal_tim_ex.o
 .comment       0x0000006e       0x6f Drivers/STM32F3xx_HAL_Driver/stm32f3xx_hal_uart.o
 .comment       0x0000006e       0x6f Drivers/STM32F3xx_HAL_Driver/stm32f3xx_hal_uart_ex.o

.debug_frame    0x00000000     0x2614
 .debug_frame   0x00000000      0x128 Application/User/main.o
 .debug_frame   0x00000128       0xf0 Application/User/stm32f3xx_hal_msp.o
 .debug_frame   0x00000218       0x78 Application/User/stm32f3xx_it.o
 .debug_frame   0x00000290       0x30 Drivers/CMSIS/system_stm32f3xx.o
 .debug_frame   0x000002c0      0x198 Drivers/STM32F3xx_HAL_Driver/stm32f3xx_hal.o
 .debug_frame   0x00000458      0x170 Drivers/STM32F3xx_HAL_Driver/stm32f3xx_hal_adc.o
 .debug_frame   0x000005c8      0x514 Drivers/STM32F3xx_HAL_Driver/stm32f3xx_hal_adc_ex.o
 .debug_frame   0x00000adc      0x154 Drivers/STM32F3xx_HAL_Driver/stm32f3xx_hal_cortex.o
 .debug_frame   0x00000c30      0x160 Drivers/STM32F3xx_HAL_Driver/stm32f3xx_hal_dma.o
 .debug_frame   0x00000d90       0xc4 Drivers/STM32F3xx_HAL_Driver/stm32f3xx_hal_gpio.o
 .debug_frame   0x00000e54      0x150 Drivers/STM32F3xx_HAL_Driver/stm32f3xx_hal_rcc.o
 .debug_frame   0x00000fa4       0x7c Drivers/STM32F3xx_HAL_Driver/stm32f3xx_hal_rcc_ex.o
 .debug_frame   0x00001020      0xa14 Drivers/STM32F3xx_HAL_Driver/stm32f3xx_hal_tim.o
 .debug_frame   0x00001a34      0x48c Drivers/STM32F3xx_HAL_Driver/stm32f3xx_hal_tim_ex.o
 .debug_frame   0x00001ec0      0x578 Drivers/STM32F3xx_HAL_Driver/stm32f3xx_hal_uart.o
 .debug_frame   0x00002438       0xb4 Drivers/STM32F3xx_HAL_Driver/stm32f3xx_hal_uart_ex.o
 .debug_frame   0x000024ec       0x30 c:/users/andy/.p2/pool/plugins/fr.ac6.mcu.externaltools.arm-none.win32_1.13.2.201703061525/tools/compiler/bin/../lib/gcc/arm-none-eabi/5.4.1/../../../../arm-none-eabi/lib/armv7e-m\libm.a(lib_a-s_round.o)
 .debug_frame   0x0000251c       0x3c c:/users/andy/.p2/pool/plugins/fr.ac6.mcu.externaltools.arm-none.win32_1.13.2.201703061525/tools/compiler/bin/../lib/gcc/arm-none-eabi/5.4.1/../../../../arm-none-eabi/lib/armv7e-m\libm.a(lib_a-wf_exp.o)
 .debug_frame   0x00002558       0x30 c:/users/andy/.p2/pool/plugins/fr.ac6.mcu.externaltools.arm-none.win32_1.13.2.201703061525/tools/compiler/bin/../lib/gcc/arm-none-eabi/5.4.1/../../../../arm-none-eabi/lib/armv7e-m\libm.a(lib_a-ef_exp.o)
 .debug_frame   0x00002588       0x20 c:/users/andy/.p2/pool/plugins/fr.ac6.mcu.externaltools.arm-none.win32_1.13.2.201703061525/tools/compiler/bin/../lib/gcc/arm-none-eabi/5.4.1/../../../../arm-none-eabi/lib/armv7e-m\libm.a(lib_a-s_matherr.o)
 .debug_frame   0x000025a8       0x20 c:/users/andy/.p2/pool/plugins/fr.ac6.mcu.externaltools.arm-none.win32_1.13.2.201703061525/tools/compiler/bin/../lib/gcc/arm-none-eabi/5.4.1/../../../../arm-none-eabi/lib/armv7e-m\libm.a(lib_a-sf_finite.o)
 .debug_frame   0x000025c8       0x20 c:/users/andy/.p2/pool/plugins/fr.ac6.mcu.externaltools.arm-none.win32_1.13.2.201703061525/tools/compiler/bin/../lib/gcc/arm-none-eabi/5.4.1/../../../../arm-none-eabi/lib/armv7e-m\libc_nano.a(lib_a-errno.o)
 .debug_frame   0x000025e8       0x2c c:/users/andy/.p2/pool/plugins/fr.ac6.mcu.externaltools.arm-none.win32_1.13.2.201703061525/tools/compiler/bin/../lib/gcc/arm-none-eabi/5.4.1/../../../../arm-none-eabi/lib/armv7e-m\libc_nano.a(lib_a-init.o)
