Archive member included to satisfy reference by file (symbol)

c:/users/andy/.p2/pool/plugins/fr.ac6.mcu.externaltools.arm-none.win32_1.13.2.201703061525/tools/compiler/bin/../lib/gcc/arm-none-eabi/5.4.1/armv7e-m/fpu\libgcc.a(_arm_addsubdf3.o)
                              Application/User/main.o (__aeabi_f2d)
c:/users/andy/.p2/pool/plugins/fr.ac6.mcu.externaltools.arm-none.win32_1.13.2.201703061525/tools/compiler/bin/../lib/gcc/arm-none-eabi/5.4.1/armv7e-m/fpu\libgcc.a(_arm_muldivdf3.o)
                              Application/User/main.o (__aeabi_dmul)
c:/users/andy/.p2/pool/plugins/fr.ac6.mcu.externaltools.arm-none.win32_1.13.2.201703061525/tools/compiler/bin/../lib/gcc/arm-none-eabi/5.4.1/armv7e-m/fpu\libgcc.a(_arm_truncdfsf2.o)
                              Application/User/main.o (__aeabi_d2f)
c:/users/andy/.p2/pool/plugins/fr.ac6.mcu.externaltools.arm-none.win32_1.13.2.201703061525/tools/compiler/bin/../lib/gcc/arm-none-eabi/5.4.1/../../../../arm-none-eabi/lib/armv7e-m/fpu\libc_nano.a(lib_a-exit.o)
                              c:/users/andy/.p2/pool/plugins/fr.ac6.mcu.externaltools.arm-none.win32_1.13.2.201703061525/tools/compiler/bin/../lib/gcc/arm-none-eabi/5.4.1/../../../../arm-none-eabi/lib/armv7e-m/fpu/crt0.o (exit)
c:/users/andy/.p2/pool/plugins/fr.ac6.mcu.externaltools.arm-none.win32_1.13.2.201703061525/tools/compiler/bin/../lib/gcc/arm-none-eabi/5.4.1/../../../../arm-none-eabi/lib/armv7e-m/fpu\libc_nano.a(lib_a-impure.o)
                              c:/users/andy/.p2/pool/plugins/fr.ac6.mcu.externaltools.arm-none.win32_1.13.2.201703061525/tools/compiler/bin/../lib/gcc/arm-none-eabi/5.4.1/../../../../arm-none-eabi/lib/armv7e-m/fpu\libc_nano.a(lib_a-exit.o) (_global_impure_ptr)
c:/users/andy/.p2/pool/plugins/fr.ac6.mcu.externaltools.arm-none.win32_1.13.2.201703061525/tools/compiler/bin/../lib/gcc/arm-none-eabi/5.4.1/../../../../arm-none-eabi/lib/armv7e-m/fpu\libc_nano.a(lib_a-init.o)
                              c:/users/andy/.p2/pool/plugins/fr.ac6.mcu.externaltools.arm-none.win32_1.13.2.201703061525/tools/compiler/bin/../lib/gcc/arm-none-eabi/5.4.1/../../../../arm-none-eabi/lib/armv7e-m/fpu/crt0.o (__libc_init_array)
c:/users/andy/.p2/pool/plugins/fr.ac6.mcu.externaltools.arm-none.win32_1.13.2.201703061525/tools/compiler/bin/../lib/gcc/arm-none-eabi/5.4.1/../../../../arm-none-eabi/lib/armv7e-m/fpu\libc_nano.a(lib_a-memset.o)
                              c:/users/andy/.p2/pool/plugins/fr.ac6.mcu.externaltools.arm-none.win32_1.13.2.201703061525/tools/compiler/bin/../lib/gcc/arm-none-eabi/5.4.1/../../../../arm-none-eabi/lib/armv7e-m/fpu/crt0.o (memset)
c:/users/andy/.p2/pool/plugins/fr.ac6.mcu.externaltools.arm-none.win32_1.13.2.201703061525/tools/compiler/bin/../lib/gcc/arm-none-eabi/5.4.1/../../../../arm-none-eabi/lib/armv7e-m/fpu\libnosys.a(_exit.o)
                              c:/users/andy/.p2/pool/plugins/fr.ac6.mcu.externaltools.arm-none.win32_1.13.2.201703061525/tools/compiler/bin/../lib/gcc/arm-none-eabi/5.4.1/../../../../arm-none-eabi/lib/armv7e-m/fpu\libc_nano.a(lib_a-exit.o) (_exit)

Allocating common symbols
Common symbol       size              file

InputVals           0x4               Application/User/main.o
hadc2               0x54              Application/User/main.o
sum                 0x4               Application/User/main.o
right               0x1               Application/User/main.o
uwTick              0x4               Drivers/STM32F3xx_HAL_Driver/stm32f3xx_hal.o
pFlash              0x20              Drivers/STM32F3xx_HAL_Driver/stm32f3xx_hal_flash.o
OutputVals          0x10              Application/User/main.o
left                0x1               Application/User/main.o
pomiar              0x4               Application/User/main.o
rightDir            0x1               Application/User/main.o
leftDir             0x1               Application/User/main.o
htim1               0x40              Application/User/main.o
iteracja            0x1               Application/User/main.o
hdma_adc2           0x44              Application/User/main.o

Discarded input sections

 .text          0x00000000        0x0 c:/users/andy/.p2/pool/plugins/fr.ac6.mcu.externaltools.arm-none.win32_1.13.2.201703061525/tools/compiler/bin/../lib/gcc/arm-none-eabi/5.4.1/armv7e-m/fpu/crti.o
 .data          0x00000000        0x0 c:/users/andy/.p2/pool/plugins/fr.ac6.mcu.externaltools.arm-none.win32_1.13.2.201703061525/tools/compiler/bin/../lib/gcc/arm-none-eabi/5.4.1/armv7e-m/fpu/crti.o
 .bss           0x00000000        0x0 c:/users/andy/.p2/pool/plugins/fr.ac6.mcu.externaltools.arm-none.win32_1.13.2.201703061525/tools/compiler/bin/../lib/gcc/arm-none-eabi/5.4.1/armv7e-m/fpu/crti.o
 .data          0x00000000        0x4 c:/users/andy/.p2/pool/plugins/fr.ac6.mcu.externaltools.arm-none.win32_1.13.2.201703061525/tools/compiler/bin/../lib/gcc/arm-none-eabi/5.4.1/armv7e-m/fpu/crtbegin.o
[...]
Memory Configuration

Name             Origin             Length             Attributes
RAM              0x20000000         0x00010000         xrw
CCMRAM           0x10000000         0x00004000         rw
FLASH            0x08000000         0x00080000         xr
*default*        0x00000000         0xffffffff

Linker script and memory map

LOAD c:/users/andy/.p2/pool/plugins/fr.ac6.mcu.externaltools.arm-none.win32_1.13.2.201703061525/tools/compiler/bin/../lib/gcc/arm-none-eabi/5.4.1/armv7e-m/fpu/crti.o
LOAD c:/users/andy/.p2/pool/plugins/fr.ac6.mcu.externaltools.arm-none.win32_1.13.2.201703061525/tools/compiler/bin/../lib/gcc/arm-none-eabi/5.4.1/armv7e-m/fpu/crtbegin.o
LOAD c:/users/andy/.p2/pool/plugins/fr.ac6.mcu.externaltools.arm-none.win32_1.13.2.201703061525/tools/compiler/bin/../lib/gcc/arm-none-eabi/5.4.1/../../../../arm-none-eabi/lib/armv7e-m/fpu/crt0.o
LOAD c:/users/andy/.p2/pool/plugins/fr.ac6.mcu.externaltools.arm-none.win32_1.13.2.201703061525/tools/compiler/bin/../lib/gcc/arm-none-eabi/5.4.1/../../../../arm-none-eabi/lib/armv7e-m/fpu\libm.a
LOAD Application/SW4STM32/startup_stm32f303xe.o
LOAD Application/User/main.o
LOAD Application/User/stm32f3xx_hal_msp.o
LOAD Application/User/stm32f3xx_it.o
LOAD Drivers/CMSIS/system_stm32f3xx.o
LOAD Drivers/STM32F3xx_HAL_Driver/stm32f3xx_hal.o
LOAD Drivers/STM32F3xx_HAL_Driver/stm32f3xx_hal_adc.o
LOAD Drivers/STM32F3xx_HAL_Driver/stm32f3xx_hal_adc_ex.o
LOAD Drivers/STM32F3xx_HAL_Driver/stm32f3xx_hal_cortex.o
LOAD Drivers/STM32F3xx_HAL_Driver/stm32f3xx_hal_dma.o
LOAD Drivers/STM32F3xx_HAL_Driver/stm32f3xx_hal_flash.o
LOAD Drivers/STM32F3xx_HAL_Driver/stm32f3xx_hal_flash_ex.o
LOAD Drivers/STM32F3xx_HAL_Driver/stm32f3xx_hal_gpio.o
LOAD Drivers/STM32F3xx_HAL_Driver/stm32f3xx_hal_i2c.o
LOAD Drivers/STM32F3xx_HAL_Driver/stm32f3xx_hal_i2c_ex.o
LOAD Drivers/STM32F3xx_HAL_Driver/stm32f3xx_hal_pwr.o
LOAD Drivers/STM32F3xx_HAL_Driver/stm32f3xx_hal_pwr_ex.o
LOAD Drivers/STM32F3xx_HAL_Driver/stm32f3xx_hal_rcc.o
LOAD Drivers/STM32F3xx_HAL_Driver/stm32f3xx_hal_rcc_ex.o
LOAD Drivers/STM32F3xx_HAL_Driver/stm32f3xx_hal_tim.o
LOAD Drivers/STM32F3xx_HAL_Driver/stm32f3xx_hal_tim_ex.o
START GROUP
LOAD c:/users/andy/.p2/pool/plugins/fr.ac6.mcu.externaltools.arm-none.win32_1.13.2.201703061525/tools/compiler/bin/../lib/gcc/arm-none-eabi/5.4.1/armv7e-m/fpu\libgcc.a
LOAD c:/users/andy/.p2/pool/plugins/fr.ac6.mcu.externaltools.arm-none.win32_1.13.2.201703061525/tools/compiler/bin/../lib/gcc/arm-none-eabi/5.4.1/../../../../arm-none-eabi/lib/armv7e-m/fpu\libc_nano.a
END GROUP
START GROUP
LOAD c:/users/andy/.p2/pool/plugins/fr.ac6.mcu.externaltools.arm-none.win32_1.13.2.201703061525/tools/compiler/bin/../lib/gcc/arm-none-eabi/5.4.1/armv7e-m/fpu\libgcc.a
LOAD c:/users/andy/.p2/pool/plugins/fr.ac6.mcu.externaltools.arm-none.win32_1.13.2.201703061525/tools/compiler/bin/../lib/gcc/arm-none-eabi/5.4.1/../../../../arm-none-eabi/lib/armv7e-m/fpu\libc_nano.a
LOAD c:/users/andy/.p2/pool/plugins/fr.ac6.mcu.externaltools.arm-none.win32_1.13.2.201703061525/tools/compiler/bin/../lib/gcc/arm-none-eabi/5.4.1/../../../../arm-none-eabi/lib/armv7e-m/fpu\libnosys.a
END GROUP
START GROUP
LOAD c:/users/andy/.p2/pool/plugins/fr.ac6.mcu.externaltools.arm-none.win32_1.13.2.201703061525/tools/compiler/bin/../lib/gcc/arm-none-eabi/5.4.1/armv7e-m/fpu\libgcc.a
LOAD c:/users/andy/.p2/pool/plugins/fr.ac6.mcu.externaltools.arm-none.win32_1.13.2.201703061525/tools/compiler/bin/../lib/gcc/arm-none-eabi/5.4.1/../../../../arm-none-eabi/lib/armv7e-m/fpu\libc_nano.a
LOAD c:/users/andy/.p2/pool/plugins/fr.ac6.mcu.externaltools.arm-none.win32_1.13.2.201703061525/tools/compiler/bin/../lib/gcc/arm-none-eabi/5.4.1/../../../../arm-none-eabi/lib/armv7e-m/fpu\libnosys.a
END GROUP
LOAD c:/users/andy/.p2/pool/plugins/fr.ac6.mcu.externaltools.arm-none.win32_1.13.2.201703061525/tools/compiler/bin/../lib/gcc/arm-none-eabi/5.4.1/armv7e-m/fpu/crtend.o
LOAD c:/users/andy/.p2/pool/plugins/fr.ac6.mcu.externaltools.arm-none.win32_1.13.2.201703061525/tools/compiler/bin/../lib/gcc/arm-none-eabi/5.4.1/armv7e-m/fpu/crtn.o
                0x20010000                _estack = 0x20010000
                0x00000200                _Min_Heap_Size = 0x200
                0x00000400                _Min_Stack_Size = 0x400

.isr_vector     0x08000000      0x194
                0x08000000                . = ALIGN (0x4)
 *(.isr_vector)
 .isr_vector    0x08000000      0x194 Application/SW4STM32/startup_stm32f303xe.o
                0x08000000                g_pfnVectors
                0x08000194                . = ALIGN (0x4)

.text           0x08000194     0x2a4c
                0x08000194                . = ALIGN (0x4)
 *(.text)
 .text          0x08000194       0x5c c:/users/andy/.p2/pool/plugins/fr.ac6.mcu.externaltools.arm-none.win32_1.13.2.201703061525/tools/compiler/bin/../lib/gcc/arm-none-eabi/5.4.1/armv7e-m/fpu/crtbegin.o
 *(.text*)
 .text.Reset_Handler
                0x080001f0       0x50 Application/SW4STM32/startup_stm32f303xe.o
                0x080001f0                Reset_Handler
 .text.Default_Handler
                0x08000240        0x2 Application/SW4STM32/startup_stm32f303xe.o
                0x08000240                RTC_Alarm_IRQHandler
                0x08000240                TIM8_TRG_COM_IRQHandler
                0x08000240                TIM8_CC_IRQHandler
                0x08000240                DebugMon_Handler
                0x08000240                SPI4_IRQHandler
                0x08000240                TIM1_CC_IRQHandler
                0x08000240                HardFault_Handler
                0x08000240                USB_HP_IRQHandler
                0x08000240                PVD_IRQHandler
                0x08000240                TAMP_STAMP_IRQHandler
                0x08000240                PendSV_Handler
                0x08000240                NMI_Handler
                0x08000240                EXTI3_IRQHandler
                0x08000240                I2C3_ER_IRQHandler
                0x08000240                USB_HP_CAN_TX_IRQHandler
                0x08000240                EXTI0_IRQHandler
                0x08000240                I2C2_EV_IRQHandler
                0x08000240                FPU_IRQHandler
                0x08000240                TIM1_UP_TIM16_IRQHandler
                0x08000240                UsageFault_Handler
                0x08000240                ADC1_2_IRQHandler
                0x08000240                SPI1_IRQHandler
                0x08000240                CAN_SCE_IRQHandler
                0x08000240                TIM6_DAC_IRQHandler
                0x08000240                TIM8_UP_IRQHandler
                0x08000240                DMA2_Channel2_IRQHandler
                0x08000240                DMA1_Channel4_IRQHandler
                0x08000240                TIM20_TRG_COM_IRQHandler
                0x08000240                USART3_IRQHandler
                0x08000240                DMA1_Channel7_IRQHandler
                0x08000240                UART5_IRQHandler
                0x08000240                ADC3_IRQHandler
                0x08000240                TIM4_IRQHandler
                0x08000240                CAN_RX1_IRQHandler
                0x08000240                DMA2_Channel1_IRQHandler
                0x08000240                I2C1_EV_IRQHandler
                0x08000240                DMA1_Channel6_IRQHandler
                0x08000240                UART4_IRQHandler
                0x08000240                DMA2_Channel4_IRQHandler
                0x08000240                TIM3_IRQHandler
                0x08000240                RCC_IRQHandler
                0x08000240                TIM20_UP_IRQHandler
                0x08000240                DMA1_Channel1_IRQHandler
                0x08000240                Default_Handler
                0x08000240                USBWakeUp_RMP_IRQHandler
                0x08000240                EXTI15_10_IRQHandler
                0x08000240                TIM7_IRQHandler
                0x08000240                I2C3_EV_IRQHandler
                0x08000240                EXTI9_5_IRQHandler
                0x08000240                RTC_WKUP_IRQHandler
                0x08000240                SPI2_IRQHandler
                0x08000240                USB_LP_CAN_RX0_IRQHandler
                0x08000240                MemManage_Handler
                0x08000240                SVC_Handler
                0x08000240                DMA2_Channel5_IRQHandler
                0x08000240                DMA1_Channel5_IRQHandler
                0x08000240                USB_LP_IRQHandler
                0x08000240                EXTI4_IRQHandler
                0x08000240                TIM1_TRG_COM_TIM17_IRQHandler
                0x08000240                DMA1_Channel3_IRQHandler
                0x08000240                ADC4_IRQHandler
                0x08000240                WWDG_IRQHandler
                0x08000240                TIM2_IRQHandler
                0x08000240                COMP7_IRQHandler
                0x08000240                COMP1_2_3_IRQHandler
                0x08000240                EXTI1_IRQHandler
                0x08000240                USART2_IRQHandler
                0x08000240                COMP4_5_6_IRQHandler
                0x08000240                TIM20_BRK_IRQHandler
                0x08000240                I2C2_ER_IRQHandler
                0x08000240                DMA1_Channel2_IRQHandler
                0x08000240                TIM8_BRK_IRQHandler
                0x08000240                FLASH_IRQHandler
                0x08000240                TIM20_CC_IRQHandler
                0x08000240                BusFault_Handler
                0x08000240                USART1_IRQHandler
                0x08000240                SPI3_IRQHandler
                0x08000240                I2C1_ER_IRQHandler
                0x08000240                FMC_IRQHandler
                0x08000240                USBWakeUp_IRQHandler
                0x08000240                EXTI2_TSC_IRQHandler
                0x08000240                TIM1_BRK_TIM15_IRQHandler
 *fill*         0x08000242        0x2 
 .text.MX_GPIO_Init
                0x08000244       0xb0 Application/User/main.o
 .text.MX_DMA_Init
                0x080002f4       0x34 Application/User/main.o
 .text._Error_Handler
                0x08000328        0x4 Application/User/main.o
                0x08000328                _Error_Handler
 .text.MX_TIM1_Init
                0x0800032c      0x100 Application/User/main.o
 .text.MX_ADC2_Init
                0x0800042c       0x98 Application/User/main.o
 .text.SystemClock_Config
                0x080004c4       0xa8 Application/User/main.o
                0x080004c4                SystemClock_Config
 .text.main     0x0800056c       0xf0 Application/User/main.o
                0x0800056c                main
 .text.HAL_MspInit
                0x0800065c       0x7c Application/User/stm32f3xx_hal_msp.o
                0x0800065c                HAL_MspInit
 .text.HAL_ADC_MspInit
                0x080006d8       0x94 Application/User/stm32f3xx_hal_msp.o
                0x080006d8                HAL_ADC_MspInit
 .text.HAL_TIM_Base_MspInit
                0x0800076c       0x28 Application/User/stm32f3xx_hal_msp.o
                0x0800076c                HAL_TIM_Base_MspInit
 .text.HAL_TIM_MspPostInit
                0x08000794       0x34 Application/User/stm32f3xx_hal_msp.o
                0x08000794                HAL_TIM_MspPostInit
 .text.SysTick_Handler
                0x080007c8        0xc Application/User/stm32f3xx_it.o
                0x080007c8                SysTick_Handler
 .text.DMA2_Channel3_IRQHandler
                0x080007d4       0x10 Application/User/stm32f3xx_it.o
                0x080007d4                DMA2_Channel3_IRQHandler
 .text.SystemInit
                0x080007e4       0x68 Drivers/CMSIS/system_stm32f3xx.o
                0x080007e4                SystemInit
 .text.HAL_InitTick
                0x0800084c       0x2c Drivers/STM32F3xx_HAL_Driver/stm32f3xx_hal.o
                0x0800084c                HAL_InitTick
 .text.HAL_Init
                0x08000878       0x24 Drivers/STM32F3xx_HAL_Driver/stm32f3xx_hal.o
                0x08000878                HAL_Init
 .text.HAL_IncTick
                0x0800089c       0x10 Drivers/STM32F3xx_HAL_Driver/stm32f3xx_hal.o
                0x0800089c                HAL_IncTick
 .text.HAL_GetTick
                0x080008ac        0xc Drivers/STM32F3xx_HAL_Driver/stm32f3xx_hal.o
                0x080008ac                HAL_GetTick
 .text.HAL_Delay
                0x080008b8       0x24 Drivers/STM32F3xx_HAL_Driver/stm32f3xx_hal.o
                0x080008b8                HAL_Delay
 .text.HAL_ADC_ConvCpltCallback
                0x080008dc        0x4 Drivers/STM32F3xx_HAL_Driver/stm32f3xx_hal_adc.o
                0x080008dc                HAL_ADC_ConvCpltCallback
 .text.HAL_ADC_ConvHalfCpltCallback
                0x080008e0        0x4 Drivers/STM32F3xx_HAL_Driver/stm32f3xx_hal_adc.o
                0x080008e0                HAL_ADC_ConvHalfCpltCallback
 .text.HAL_ADC_ErrorCallback
                0x080008e4        0x4 Drivers/STM32F3xx_HAL_Driver/stm32f3xx_hal_adc.o
                0x080008e4                HAL_ADC_ErrorCallback
 .text.ADC_Disable
                0x080008e8       0x8c Drivers/STM32F3xx_HAL_Driver/stm32f3xx_hal_adc_ex.o
 .text.ADC_Enable
                0x08000974       0x84 Drivers/STM32F3xx_HAL_Driver/stm32f3xx_hal_adc_ex.o
 .text.ADC_DMAError
                0x080009f8       0x1c Drivers/STM32F3xx_HAL_Driver/stm32f3xx_hal_adc_ex.o
 .text.ADC_DMAHalfConvCplt
                0x08000a14        0xc Drivers/STM32F3xx_HAL_Driver/stm32f3xx_hal_adc_ex.o
 .text.ADC_DMAConvCplt
                0x08000a20       0x4c Drivers/STM32F3xx_HAL_Driver/stm32f3xx_hal_adc_ex.o
 .text.HAL_ADC_Init
                0x08000a6c      0x2c0 Drivers/STM32F3xx_HAL_Driver/stm32f3xx_hal_adc_ex.o
                0x08000a6c                HAL_ADC_Init
 .text.HAL_ADC_Start_DMA
                0x08000d2c      0x18c Drivers/STM32F3xx_HAL_Driver/stm32f3xx_hal_adc_ex.o
                0x08000d2c                HAL_ADC_Start_DMA
 .text.HAL_ADC_ConfigChannel
                0x08000eb8      0x3a8 Drivers/STM32F3xx_HAL_Driver/stm32f3xx_hal_adc_ex.o
                0x08000eb8                HAL_ADC_ConfigChannel
 .text.HAL_NVIC_SetPriorityGrouping
                0x08001260       0x24 Drivers/STM32F3xx_HAL_Driver/stm32f3xx_hal_cortex.o
                0x08001260                HAL_NVIC_SetPriorityGrouping
 .text.HAL_NVIC_SetPriority
                0x08001284       0x64 Drivers/STM32F3xx_HAL_Driver/stm32f3xx_hal_cortex.o
                0x08001284                HAL_NVIC_SetPriority
 .text.HAL_NVIC_EnableIRQ
                0x080012e8       0x18 Drivers/STM32F3xx_HAL_Driver/stm32f3xx_hal_cortex.o
                0x080012e8                HAL_NVIC_EnableIRQ
 .text.HAL_SYSTICK_Config
                0x08001300       0x2c Drivers/STM32F3xx_HAL_Driver/stm32f3xx_hal_cortex.o
                0x08001300                HAL_SYSTICK_Config
 .text.HAL_SYSTICK_CLKSourceConfig
                0x0800132c       0x20 Drivers/STM32F3xx_HAL_Driver/stm32f3xx_hal_cortex.o
                0x0800132c                HAL_SYSTICK_CLKSourceConfig
 .text.HAL_SYSTICK_Callback
                0x0800134c        0x4 Drivers/STM32F3xx_HAL_Driver/stm32f3xx_hal_cortex.o
                0x0800134c                HAL_SYSTICK_Callback
 .text.HAL_SYSTICK_IRQHandler
                0x08001350        0x8 Drivers/STM32F3xx_HAL_Driver/stm32f3xx_hal_cortex.o
                0x08001350                HAL_SYSTICK_IRQHandler
 .text.DMA_SetConfig
                0x08001358       0x2c Drivers/STM32F3xx_HAL_Driver/stm32f3xx_hal_dma.o
 .text.DMA_CalcBaseAndBitshift
                0x08001384       0x4c Drivers/STM32F3xx_HAL_Driver/stm32f3xx_hal_dma.o
 .text.HAL_DMA_Init
                0x080013d0       0x58 Drivers/STM32F3xx_HAL_Driver/stm32f3xx_hal_dma.o
                0x080013d0                HAL_DMA_Init
 .text.HAL_DMA_Start_IT
                0x08001428       0x74 Drivers/STM32F3xx_HAL_Driver/stm32f3xx_hal_dma.o
                0x08001428                HAL_DMA_Start_IT
 .text.HAL_DMA_IRQHandler
                0x0800149c       0xb4 Drivers/STM32F3xx_HAL_Driver/stm32f3xx_hal_dma.o
                0x0800149c                HAL_DMA_IRQHandler
 .text.HAL_GPIO_Init
                0x08001550      0x1ac Drivers/STM32F3xx_HAL_Driver/stm32f3xx_hal_gpio.o
                0x08001550                HAL_GPIO_Init
 .text.HAL_GPIO_WritePin
                0x080016fc        0xc Drivers/STM32F3xx_HAL_Driver/stm32f3xx_hal_gpio.o
                0x080016fc                HAL_GPIO_WritePin
 .text.HAL_RCC_OscConfig
                0x08001708      0x628 Drivers/STM32F3xx_HAL_Driver/stm32f3xx_hal_rcc.o
                0x08001708                HAL_RCC_OscConfig
 .text.HAL_RCC_GetSysClockFreq
                0x08001d30       0x74 Drivers/STM32F3xx_HAL_Driver/stm32f3xx_hal_rcc.o
                0x08001d30                HAL_RCC_GetSysClockFreq
 .text.HAL_RCC_ClockConfig
                0x08001da4      0x1e4 Drivers/STM32F3xx_HAL_Driver/stm32f3xx_hal_rcc.o
                0x08001da4                HAL_RCC_ClockConfig
 .text.HAL_RCC_GetHCLKFreq
                0x08001f88        0xc Drivers/STM32F3xx_HAL_Driver/stm32f3xx_hal_rcc.o
                0x08001f88                HAL_RCC_GetHCLKFreq
 .text.HAL_RCCEx_PeriphCLKConfig
                0x08001f94      0x300 Drivers/STM32F3xx_HAL_Driver/stm32f3xx_hal_rcc_ex.o
                0x08001f94                HAL_RCCEx_PeriphCLKConfig
 .text.TIM_TI1_ConfigInputStage
                0x08002294       0x28 Drivers/STM32F3xx_HAL_Driver/stm32f3xx_hal_tim.o
 .text.TIM_TI2_ConfigInputStage
                0x080022bc       0x28 Drivers/STM32F3xx_HAL_Driver/stm32f3xx_hal_tim.o
 .text.TIM_ITRx_SetConfig
                0x080022e4       0x10 Drivers/STM32F3xx_HAL_Driver/stm32f3xx_hal_tim.o
 .text.HAL_TIM_PWM_MspInit
                0x080022f4        0x4 Drivers/STM32F3xx_HAL_Driver/stm32f3xx_hal_tim.o
                0x080022f4                HAL_TIM_PWM_MspInit
 .text.TIM_Base_SetConfig
                0x080022f8       0xd0 Drivers/STM32F3xx_HAL_Driver/stm32f3xx_hal_tim.o
                0x080022f8                TIM_Base_SetConfig
 .text.HAL_TIM_Base_Init
                0x080023c8       0x38 Drivers/STM32F3xx_HAL_Driver/stm32f3xx_hal_tim.o
                0x080023c8                HAL_TIM_Base_Init
 .text.HAL_TIM_PWM_Init
                0x08002400       0x38 Drivers/STM32F3xx_HAL_Driver/stm32f3xx_hal_tim.o
                0x08002400                HAL_TIM_PWM_Init
 .text.TIM_OC1_SetConfig
                0x08002438       0xac Drivers/STM32F3xx_HAL_Driver/stm32f3xx_hal_tim.o
                0x08002438                TIM_OC1_SetConfig
 .text.TIM_OC2_SetConfig
                0x080024e4       0x9c Drivers/STM32F3xx_HAL_Driver/stm32f3xx_hal_tim.o
                0x080024e4                TIM_OC2_SetConfig
 .text.TIM_OC3_SetConfig
                0x08002580       0x9c Drivers/STM32F3xx_HAL_Driver/stm32f3xx_hal_tim.o
                0x08002580                TIM_OC3_SetConfig
 .text.TIM_OC4_SetConfig
                0x0800261c       0x74 Drivers/STM32F3xx_HAL_Driver/stm32f3xx_hal_tim.o
                0x0800261c                TIM_OC4_SetConfig
 .text.TIM_ETR_SetConfig
                0x08002690       0x1c Drivers/STM32F3xx_HAL_Driver/stm32f3xx_hal_tim.o
                0x08002690                TIM_ETR_SetConfig
 .text.HAL_TIM_ConfigClockSource
                0x080026ac      0x120 Drivers/STM32F3xx_HAL_Driver/stm32f3xx_hal_tim.o
                0x080026ac                HAL_TIM_ConfigClockSource
 .text.TIM_CCxChannelCmd
                0x080027cc       0x20 Drivers/STM32F3xx_HAL_Driver/stm32f3xx_hal_tim.o
                0x080027cc                TIM_CCxChannelCmd
 .text.HAL_TIM_PWM_Start
                0x080027ec       0x74 Drivers/STM32F3xx_HAL_Driver/stm32f3xx_hal_tim.o
                0x080027ec                HAL_TIM_PWM_Start
 .text.TIM_OC5_SetConfig
                0x08002860       0x70 Drivers/STM32F3xx_HAL_Driver/stm32f3xx_hal_tim_ex.o
 .text.TIM_OC6_SetConfig
                0x080028d0       0x74 Drivers/STM32F3xx_HAL_Driver/stm32f3xx_hal_tim_ex.o
 .text.HAL_TIM_PWM_ConfigChannel
                0x08002944      0x138 Drivers/STM32F3xx_HAL_Driver/stm32f3xx_hal_tim_ex.o
                0x08002944                HAL_TIM_PWM_ConfigChannel
 .text.HAL_TIMEx_MasterConfigSynchronization
                0x08002a7c       0x60 Drivers/STM32F3xx_HAL_Driver/stm32f3xx_hal_tim_ex.o
                0x08002a7c                HAL_TIMEx_MasterConfigSynchronization
 .text.HAL_TIMEx_ConfigBreakDeadTime
                0x08002adc       0xa0 Drivers/STM32F3xx_HAL_Driver/stm32f3xx_hal_tim_ex.o
                0x08002adc                HAL_TIMEx_ConfigBreakDeadTime
 .text.__libc_init_array
                0x08002b7c       0x4c c:/users/andy/.p2/pool/plugins/fr.ac6.mcu.externaltools.arm-none.win32_1.13.2.201703061525/tools/compiler/bin/../lib/gcc/arm-none-eabi/5.4.1/../../../../arm-none-eabi/lib/armv7e-m/fpu\libc_nano.a(lib_a-init.o)
                0x08002b7c                __libc_init_array
 *(.glue_7)
 .glue_7        0x08002bc8        0x0 linker stubs
 *(.glue_7t)
 .glue_7t       0x08002bc8        0x0 linker stubs
 *(.eh_frame)
 .eh_frame      0x08002bc8        0x0 c:/users/andy/.p2/pool/plugins/fr.ac6.mcu.externaltools.arm-none.win32_1.13.2.201703061525/tools/compiler/bin/../lib/gcc/arm-none-eabi/5.4.1/armv7e-m/fpu/crtbegin.o
 *(.init)
 .init          0x08002bc8        0x4 c:/users/andy/.p2/pool/plugins/fr.ac6.mcu.externaltools.arm-none.win32_1.13.2.201703061525/tools/compiler/bin/../lib/gcc/arm-none-eabi/5.4.1/armv7e-m/fpu/crti.o
                0x08002bc8                _init
 .init          0x08002bcc        0x8 c:/users/andy/.p2/pool/plugins/fr.ac6.mcu.externaltools.arm-none.win32_1.13.2.201703061525/tools/compiler/bin/../lib/gcc/arm-none-eabi/5.4.1/armv7e-m/fpu/crtn.o
 *(.fini)
 .fini          0x08002bd4        0x4 c:/users/andy/.p2/pool/plugins/fr.ac6.mcu.externaltools.arm-none.win32_1.13.2.201703061525/tools/compiler/bin/../lib/gcc/arm-none-eabi/5.4.1/armv7e-m/fpu/crti.o
                0x08002bd4                _fini
 .fini          0x08002bd8        0x8 c:/users/andy/.p2/pool/plugins/fr.ac6.mcu.externaltools.arm-none.win32_1.13.2.201703061525/tools/compiler/bin/../lib/gcc/arm-none-eabi/5.4.1/armv7e-m/fpu/crtn.o
                0x08002be0                . = ALIGN (0x4)
                0x08002be0                _etext = .

.vfp11_veneer   0x08002be0        0x0
 .vfp11_veneer  0x08002be0        0x0 linker stubs

.v4_bx          0x08002be0        0x0
 .v4_bx         0x08002be0        0x0 linker stubs

.iplt           0x08002be0        0x0
 .iplt          0x08002be0        0x0 c:/users/andy/.p2/pool/plugins/fr.ac6.mcu.externaltools.arm-none.win32_1.13.2.201703061525/tools/compiler/bin/../lib/gcc/arm-none-eabi/5.4.1/armv7e-m/fpu/crtbegin.o

.rodata         0x08002be0       0x9c
                0x08002be0                . = ALIGN (0x4)
 *(.rodata)
 .rodata        0x08002be0       0x18 Drivers/CMSIS/system_stm32f3xx.o
                0x08002be0                AHBPrescTable
                0x08002bf0                APBPrescTable
 .rodata        0x08002bf8       0x20 Drivers/STM32F3xx_HAL_Driver/stm32f3xx_hal_rcc.o
                0x08002bf8                aPLLMULFactorTable
                0x08002c08                aPredivFactorTable
 *(.rodata*)
 .rodata.str1.4
                0x08002c18       0x29 Application/User/main.o
 *fill*         0x08002c41        0x3 
 .rodata.str1.4
                0x08002c44       0x38 Application/User/stm32f3xx_hal_msp.o
                                 0x36 (size before relaxing)
                0x08002c7c                . = ALIGN (0x4)

.rel.dyn        0x08002c7c        0x0
 .rel.iplt      0x08002c7c        0x0 c:/users/andy/.p2/pool/plugins/fr.ac6.mcu.externaltools.arm-none.win32_1.13.2.201703061525/tools/compiler/bin/../lib/gcc/arm-none-eabi/5.4.1/armv7e-m/fpu/crtbegin.o

.ARM.extab
 *(.ARM.extab* .gnu.linkonce.armextab.*)

.ARM            0x08002c7c        0x0
                0x08002c7c                __exidx_start = .
 *(.ARM.exidx*)
                0x08002c7c                __exidx_end = .

.preinit_array  0x08002c7c        0x0
                0x08002c7c                PROVIDE (__preinit_array_start, .)
 *(.preinit_array*)
                0x08002c7c                PROVIDE (__preinit_array_end, .)

.init_array     0x08002c7c        0x4
                0x08002c7c                PROVIDE (__init_array_start, .)
 *(SORT(.init_array.*))
 *(.init_array*)
 .init_array    0x08002c7c        0x4 c:/users/andy/.p2/pool/plugins/fr.ac6.mcu.externaltools.arm-none.win32_1.13.2.201703061525/tools/compiler/bin/../lib/gcc/arm-none-eabi/5.4.1/armv7e-m/fpu/crtbegin.o
                0x08002c80                PROVIDE (__init_array_end, .)

.fini_array     0x08002c80        0x4
                [!provide]                PROVIDE (__fini_array_start, .)
 *(SORT(.fini_array.*))
 *(.fini_array*)
 .fini_array    0x08002c80        0x4 c:/users/andy/.p2/pool/plugins/fr.ac6.mcu.externaltools.arm-none.win32_1.13.2.201703061525/tools/compiler/bin/../lib/gcc/arm-none-eabi/5.4.1/armv7e-m/fpu/crtbegin.o
                [!provide]                PROVIDE (__fini_array_end, .)
                0x08002c84                _sidata = LOADADDR (.data)

.data           0x20000000        0x4 load address 0x08002c84
                0x20000000                . = ALIGN (0x4)
                0x20000000                _sdata = .
 *(.data)
 .data          0x20000000        0x4 Drivers/CMSIS/system_stm32f3xx.o
                0x20000000                SystemCoreClock
 *(.data*)
                0x20000004                . = ALIGN (0x4)
                0x20000004                _edata = .
                0x08002c88                _siccmram = LOADADDR (.ccmram)

.jcr            0x20000004        0x0 load address 0x08002c88
 .jcr           0x20000004        0x0 c:/users/andy/.p2/pool/plugins/fr.ac6.mcu.externaltools.arm-none.win32_1.13.2.201703061525/tools/compiler/bin/../lib/gcc/arm-none-eabi/5.4.1/armv7e-m/fpu/crtbegin.o

.igot.plt       0x20000004        0x0 load address 0x08002c88
 .igot.plt      0x20000004        0x0 c:/users/andy/.p2/pool/plugins/fr.ac6.mcu.externaltools.arm-none.win32_1.13.2.201703061525/tools/compiler/bin/../lib/gcc/arm-none-eabi/5.4.1/armv7e-m/fpu/crtbegin.o

.ccmram         0x10000000        0x0 load address 0x08002c88
                0x10000000                . = ALIGN (0x4)
                0x10000000                _sccmram = .
 *(.ccmram)
 *(.ccmram*)
                0x10000000                . = ALIGN (0x4)
                0x10000000                _eccmram = .
                0x10000000                . = ALIGN (0x4)

.bss            0x20000004      0x124
                0x20000004                _sbss = .
                0x20000004                __bss_start__ = _sbss
 *(.bss)
 .bss           0x20000004       0x1c c:/users/andy/.p2/pool/plugins/fr.ac6.mcu.externaltools.arm-none.win32_1.13.2.201703061525/tools/compiler/bin/../lib/gcc/arm-none-eabi/5.4.1/armv7e-m/fpu/crtbegin.o
 *(.bss*)
 *(COMMON)
 COMMON         0x20000020      0x104 Application/User/main.o
                0x20000020                InputVals
                0x20000024                hadc2
                0x20000078                sum
                0x2000007c                right
                0x20000080                OutputVals
                0x20000090                left
                0x20000094                pomiar
                0x20000098                rightDir
                0x20000099                leftDir
                0x2000009c                htim1
                0x200000dc                iteracja
                0x200000e0                hdma_adc2
 COMMON         0x20000124        0x4 Drivers/STM32F3xx_HAL_Driver/stm32f3xx_hal.o
                0x20000124                uwTick
                0x20000128                . = ALIGN (0x4)
                0x20000128                _ebss = .
                0x20000128                __bss_end__ = _ebss

._user_heap_stack
                0x20000128      0x600
                0x20000128                . = ALIGN (0x8)
                [!provide]                PROVIDE (end, .)
                [!provide]                PROVIDE (_end, .)
                0x20000328                . = (. + _Min_Heap_Size)
 *fill*         0x20000128      0x200 
                0x20000728                . = (. + _Min_Stack_Size)
 *fill*         0x20000328      0x400 
                0x20000728                . = ALIGN (0x8)

/DISCARD/
 libc.a(*)
 libm.a(*)
 libgcc.a(*)

.ARM.attributes
                0x00000000       0x30
 *(.ARM.attributes)
 .ARM.attributes
                0x00000000       0x22 c:/users/andy/.p2/pool/plugins/fr.ac6.mcu.externaltools.arm-none.win32_1.13.2.201703061525/tools/compiler/bin/../lib/gcc/arm-none-eabi/5.4.1/armv7e-m/fpu/crti.o
 .ARM.attributes
                0x00000022       0x34 c:/users/andy/.p2/pool/plugins/fr.ac6.mcu.externaltools.arm-none.win32_1.13.2.201703061525/tools/compiler/bin/../lib/gcc/arm-none-eabi/5.4.1/armv7e-m/fpu/crtbegin.o
 .ARM.attributes
                0x00000056       0x21 Application/SW4STM32/startup_stm32f303xe.o
 .ARM.attributes
                0x00000077       0x39 Application/User/main.o
 .ARM.attributes
                0x000000b0       0x39 Application/User/stm32f3xx_hal_msp.o
 .ARM.attributes
                0x000000e9       0x39 Application/User/stm32f3xx_it.o
 .ARM.attributes
                0x00000122       0x39 Drivers/CMSIS/system_stm32f3xx.o
 .ARM.attributes
                0x0000015b       0x39 Drivers/STM32F3xx_HAL_Driver/stm32f3xx_hal.o
 .ARM.attributes
                0x00000194       0x39 Drivers/STM32F3xx_HAL_Driver/stm32f3xx_hal_adc.o
 .ARM.attributes
                0x000001cd       0x39 Drivers/STM32F3xx_HAL_Driver/stm32f3xx_hal_adc_ex.o
 .ARM.attributes
                0x00000206       0x39 Drivers/STM32F3xx_HAL_Driver/stm32f3xx_hal_cortex.o
 .ARM.attributes
                0x0000023f       0x39 Drivers/STM32F3xx_HAL_Driver/stm32f3xx_hal_dma.o
 .ARM.attributes
                0x00000278       0x39 Drivers/STM32F3xx_HAL_Driver/stm32f3xx_hal_gpio.o
 .ARM.attributes
                0x000002b1       0x39 Drivers/STM32F3xx_HAL_Driver/stm32f3xx_hal_rcc.o
 .ARM.attributes
                0x000002ea       0x39 Drivers/STM32F3xx_HAL_Driver/stm32f3xx_hal_rcc_ex.o
 .ARM.attributes
                0x00000323       0x39 Drivers/STM32F3xx_HAL_Driver/stm32f3xx_hal_tim.o
 .ARM.attributes
                0x0000035c       0x39 Drivers/STM32F3xx_HAL_Driver/stm32f3xx_hal_tim_ex.o
 .ARM.attributes
                0x00000395       0x34 c:/users/andy/.p2/pool/plugins/fr.ac6.mcu.externaltools.arm-none.win32_1.13.2.201703061525/tools/compiler/bin/../lib/gcc/arm-none-eabi/5.4.1/../../../../arm-none-eabi/lib/armv7e-m/fpu\libc_nano.a(lib_a-init.o)
 .ARM.attributes
                0x000003c9       0x22 c:/users/andy/.p2/pool/plugins/fr.ac6.mcu.externaltools.arm-none.win32_1.13.2.201703061525/tools/compiler/bin/../lib/gcc/arm-none-eabi/5.4.1/armv7e-m/fpu/crtn.o
OUTPUT(Robot.elf elf32-littlearm)

.debug_line     0x00000000     0xa4d4
 .debug_line    0x00000000       0x9b Application/SW4STM32/startup_stm32f303xe.o
 .debug_line    0x0000009b      0x945 Application/User/main.o
 .debug_line    0x000009e0      0x7ce Application/User/stm32f3xx_hal_msp.o
 .debug_line    0x000011ae      0x768 Application/User/stm32f3xx_it.o
 .debug_line    0x00001916      0x774 Drivers/CMSIS/system_stm32f3xx.o
 .debug_line    0x0000208a      0x8e0 Drivers/STM32F3xx_HAL_Driver/stm32f3xx_hal.o
 .debug_line    0x0000296a      0x8de Drivers/STM32F3xx_HAL_Driver/stm32f3xx_hal_adc.o
 .debug_line    0x00003248     0x18e3 Drivers/STM32F3xx_HAL_Driver/stm32f3xx_hal_adc_ex.o
 .debug_line    0x00004b2b      0x943 Drivers/STM32F3xx_HAL_Driver/stm32f3xx_hal_cortex.o
 .debug_line    0x0000546e      0x98b Drivers/STM32F3xx_HAL_Driver/stm32f3xx_hal_dma.o
 .debug_line    0x00005df9      0x8b1 Drivers/STM32F3xx_HAL_Driver/stm32f3xx_hal_gpio.o
 .debug_line    0x000066aa      0xc17 Drivers/STM32F3xx_HAL_Driver/stm32f3xx_hal_rcc.o
 .debug_line    0x000072c1      0xa72 Drivers/STM32F3xx_HAL_Driver/stm32f3xx_hal_rcc_ex.o
 .debug_line    0x00007d33     0x1903 Drivers/STM32F3xx_HAL_Driver/stm32f3xx_hal_tim.o
 .debug_line    0x00009636      0xe9e Drivers/STM32F3xx_HAL_Driver/stm32f3xx_hal_tim_ex.o

.debug_info     0x00000000     0xe0b4
 .debug_info    0x00000000       0x94 Application/SW4STM32/startup_stm32f303xe.o
 .debug_info    0x00000094     0x1c8b Application/User/main.o
 .debug_info    0x00001d1f     0x10bf Application/User/stm32f3xx_hal_msp.o
 .debug_info    0x00002dde      0x340 Application/User/stm32f3xx_it.o
 .debug_info    0x0000311e      0x404 Drivers/CMSIS/system_stm32f3xx.o
 .debug_info    0x00003522      0x782 Drivers/STM32F3xx_HAL_Driver/stm32f3xx_hal.o
 .debug_info    0x00003ca4      0xafe Drivers/STM32F3xx_HAL_Driver/stm32f3xx_hal_adc.o
 .debug_info    0x000047a2     0x1a67 Drivers/STM32F3xx_HAL_Driver/stm32f3xx_hal_adc_ex.o
 .debug_info    0x00006209      0xea7 Drivers/STM32F3xx_HAL_Driver/stm32f3xx_hal_cortex.o
 .debug_info    0x000070b0      0x7f8 Drivers/STM32F3xx_HAL_Driver/stm32f3xx_hal_dma.o
 .debug_info    0x000078a8      0x724 Drivers/STM32F3xx_HAL_Driver/stm32f3xx_hal_gpio.o
 .debug_info    0x00007fcc     0x13a2 Drivers/STM32F3xx_HAL_Driver/stm32f3xx_hal_rcc.o
 .debug_info    0x0000936e      0x7be Drivers/STM32F3xx_HAL_Driver/stm32f3xx_hal_rcc_ex.o
 .debug_info    0x00009b2c     0x2f50 Drivers/STM32F3xx_HAL_Driver/stm32f3xx_hal_tim.o
 .debug_info    0x0000ca7c     0x1638 Drivers/STM32F3xx_HAL_Driver/stm32f3xx_hal_tim_ex.o

.debug_abbrev   0x00000000     0x1c60
 .debug_abbrev  0x00000000       0x12 Application/SW4STM32/startup_stm32f303xe.o
 .debug_abbrev  0x00000012      0x2c9 Application/User/main.o
 .debug_abbrev  0x000002db      0x1e3 Application/User/stm32f3xx_hal_msp.o
 .debug_abbrev  0x000004be      0x134 Application/User/stm32f3xx_it.o
 .debug_abbrev  0x000005f2      0x104 Drivers/CMSIS/system_stm32f3xx.o
 .debug_abbrev  0x000006f6      0x1d0 Drivers/STM32F3xx_HAL_Driver/stm32f3xx_hal.o
 .debug_abbrev  0x000008c6      0x162 Drivers/STM32F3xx_HAL_Driver/stm32f3xx_hal_adc.o
 .debug_abbrev  0x00000a28      0x28d Drivers/STM32F3xx_HAL_Driver/stm32f3xx_hal_adc_ex.o
 .debug_abbrev  0x00000cb5      0x2e2 Drivers/STM32F3xx_HAL_Driver/stm32f3xx_hal_cortex.o
 .debug_abbrev  0x00000f97      0x201 Drivers/STM32F3xx_HAL_Driver/stm32f3xx_hal_dma.o
 .debug_abbrev  0x00001198      0x1cd Drivers/STM32F3xx_HAL_Driver/stm32f3xx_hal_gpio.o
 .debug_abbrev  0x00001365      0x283 Drivers/STM32F3xx_HAL_Driver/stm32f3xx_hal_rcc.o
 .debug_abbrev  0x000015e8      0x242 Drivers/STM32F3xx_HAL_Driver/stm32f3xx_hal_rcc_ex.o
 .debug_abbrev  0x0000182a      0x21b Drivers/STM32F3xx_HAL_Driver/stm32f3xx_hal_tim.o
 .debug_abbrev  0x00001a45      0x21b Drivers/STM32F3xx_HAL_Driver/stm32f3xx_hal_tim_ex.o

.debug_aranges  0x00000000      0xb58
 .debug_aranges
                0x00000000       0x28 Application/SW4STM32/startup_stm32f303xe.o
 .debug_aranges
                0x00000028       0x68 Application/User/main.o
 .debug_aranges
                0x00000090       0x48 Application/User/stm32f3xx_hal_msp.o
 .debug_aranges
                0x000000d8       0x28 Application/User/stm32f3xx_it.o
 .debug_aranges
                0x00000100       0x28 Drivers/CMSIS/system_stm32f3xx.o
 .debug_aranges
                0x00000128       0xc8 Drivers/STM32F3xx_HAL_Driver/stm32f3xx_hal.o
 .debug_aranges
                0x000001f0       0xc8 Drivers/STM32F3xx_HAL_Driver/stm32f3xx_hal_adc.o
 .debug_aranges
                0x000002b8      0x168 Drivers/STM32F3xx_HAL_Driver/stm32f3xx_hal_adc_ex.o
 .debug_aranges
                0x00000420       0xa8 Drivers/STM32F3xx_HAL_Driver/stm32f3xx_hal_cortex.o
 .debug_aranges
                0x000004c8       0x88 Drivers/STM32F3xx_HAL_Driver/stm32f3xx_hal_dma.o
 .debug_aranges
                0x00000550       0x58 Drivers/STM32F3xx_HAL_Driver/stm32f3xx_hal_gpio.o
 .debug_aranges
                0x000005a8       0x88 Drivers/STM32F3xx_HAL_Driver/stm32f3xx_hal_rcc.o
 .debug_aranges
                0x00000630       0x38 Drivers/STM32F3xx_HAL_Driver/stm32f3xx_hal_rcc_ex.o
 .debug_aranges
                0x00000668      0x378 Drivers/STM32F3xx_HAL_Driver/stm32f3xx_hal_tim.o
 .debug_aranges
                0x000009e0      0x178 Drivers/STM32F3xx_HAL_Driver/stm32f3xx_hal_tim_ex.o

.debug_ranges   0x00000000      0xaa0
 .debug_ranges  0x00000000       0x20 Application/SW4STM32/startup_stm32f303xe.o
 .debug_ranges  0x00000020       0x58 Application/User/main.o
 .debug_ranges  0x00000078       0x38 Application/User/stm32f3xx_hal_msp.o
 .debug_ranges  0x000000b0       0x18 Application/User/stm32f3xx_it.o
 .debug_ranges  0x000000c8       0x18 Drivers/CMSIS/system_stm32f3xx.o
 .debug_ranges  0x000000e0       0xb8 Drivers/STM32F3xx_HAL_Driver/stm32f3xx_hal.o
 .debug_ranges  0x00000198       0xb8 Drivers/STM32F3xx_HAL_Driver/stm32f3xx_hal_adc.o
 .debug_ranges  0x00000250      0x158 Drivers/STM32F3xx_HAL_Driver/stm32f3xx_hal_adc_ex.o
 .debug_ranges  0x000003a8       0x98 Drivers/STM32F3xx_HAL_Driver/stm32f3xx_hal_cortex.o
 .debug_ranges  0x00000440       0x78 Drivers/STM32F3xx_HAL_Driver/stm32f3xx_hal_dma.o
 .debug_ranges  0x000004b8       0x48 Drivers/STM32F3xx_HAL_Driver/stm32f3xx_hal_gpio.o
 .debug_ranges  0x00000500       0x90 Drivers/STM32F3xx_HAL_Driver/stm32f3xx_hal_rcc.o
 .debug_ranges  0x00000590       0x40 Drivers/STM32F3xx_HAL_Driver/stm32f3xx_hal_rcc_ex.o
 .debug_ranges  0x000005d0      0x368 Drivers/STM32F3xx_HAL_Driver/stm32f3xx_hal_tim.o
 .debug_ranges  0x00000938      0x168 Drivers/STM32F3xx_HAL_Driver/stm32f3xx_hal_tim_ex.o

.debug_loc      0x00000000     0x8e4c
 .debug_loc     0x00000000      0x1b0 Application/User/main.o
 .debug_loc     0x000001b0       0x7e Application/User/stm32f3xx_hal_msp.o
 .debug_loc     0x0000022e       0xfe Drivers/CMSIS/system_stm32f3xx.o
 .debug_loc     0x0000032c       0x69 Drivers/STM32F3xx_HAL_Driver/stm32f3xx_hal.o
 .debug_loc     0x00000395      0x1ef Drivers/STM32F3xx_HAL_Driver/stm32f3xx_hal_adc.o
 .debug_loc     0x00000584     0x1aea Drivers/STM32F3xx_HAL_Driver/stm32f3xx_hal_adc_ex.o
 .debug_loc     0x0000206e      0x548 Drivers/STM32F3xx_HAL_Driver/stm32f3xx_hal_cortex.o
 .debug_loc     0x000025b6      0x658 Drivers/STM32F3xx_HAL_Driver/stm32f3xx_hal_dma.o
 .debug_loc     0x00002c0e      0x2f4 Drivers/STM32F3xx_HAL_Driver/stm32f3xx_hal_gpio.o
 .debug_loc     0x00002f02      0x9d1 Drivers/STM32F3xx_HAL_Driver/stm32f3xx_hal_rcc.o
 .debug_loc     0x000038d3      0xad9 Drivers/STM32F3xx_HAL_Driver/stm32f3xx_hal_rcc_ex.o
 .debug_loc     0x000043ac     0x33d3 Drivers/STM32F3xx_HAL_Driver/stm32f3xx_hal_tim.o
 .debug_loc     0x0000777f     0x16cd Drivers/STM32F3xx_HAL_Driver/stm32f3xx_hal_tim_ex.o

.debug_macro    0x00000000    0x1e169
 .debug_macro   0x00000000      0x312 Application/User/main.o
 .debug_macro   0x00000312      0x898 Application/User/main.o
 .debug_macro   0x00000baa       0x94 Application/User/main.o
 .debug_macro   0x00000c3e       0xa5 Application/User/main.o
 .debug_macro   0x00000ce3       0x2f Application/User/main.o
 .debug_macro   0x00000d12       0x28 Application/User/main.o
 .debug_macro   0x00000d3a       0x22 Application/User/main.o
 .debug_macro   0x00000d5c       0x87 Application/User/main.o
 .debug_macro   0x00000de3       0x44 Application/User/main.o
 .debug_macro   0x00000e27       0xfd Application/User/main.o
 .debug_macro   0x00000f24       0x5e Application/User/main.o
 .debug_macro   0x00000f82      0x1df Application/User/main.o
 .debug_macro   0x00001161       0x35 Application/User/main.o
 .debug_macro   0x00001196       0x50 Application/User/main.o
 .debug_macro   0x000011e6      0xe66 Application/User/main.o
 .debug_macro   0x0000204c    0x15376 Application/User/main.o
 .debug_macro   0x000173c2       0x43 Application/User/main.o
 .debug_macro   0x00017405       0x52 Application/User/main.o
 .debug_macro   0x00017457       0x35 Application/User/main.o
 .debug_macro   0x0001748c       0x9c Application/User/main.o
 .debug_macro   0x00017528       0x16 Application/User/main.o
 .debug_macro   0x0001753e       0x97 Application/User/main.o
 .debug_macro   0x000175d5      0x30d Application/User/main.o
 .debug_macro   0x000178e2       0xfd Application/User/main.o
 .debug_macro   0x000179df       0x10 Application/User/main.o
 .debug_macro   0x000179ef       0x52 Application/User/main.o
 .debug_macro   0x00017a41       0x1f Application/User/main.o
 .debug_macro   0x00017a60       0x43 Application/User/main.o
 .debug_macro   0x00017aa3       0x20 Application/User/main.o
 .debug_macro   0x00017ac3      0x187 Application/User/main.o
 .debug_macro   0x00017c4a       0x10 Application/User/main.o
 .debug_macro   0x00017c5a       0x1c Application/User/main.o
 .debug_macro   0x00017c76       0x52 Application/User/main.o
 .debug_macro   0x00017cc8       0x40 Application/User/main.o
 .debug_macro   0x00017d08       0x10 Application/User/main.o
 .debug_macro   0x00017d18       0x40 Application/User/main.o
 .debug_macro   0x00017d58       0xd7 Application/User/main.o
 .debug_macro   0x00017e2f       0x16 Application/User/main.o
 .debug_macro   0x00017e45      0x18b Application/User/main.o
 .debug_macro   0x00017fd0       0x49 Application/User/main.o
 .debug_macro   0x00018019      0x95a Application/User/main.o
 .debug_macro   0x00018973      0x84a Application/User/main.o
 .debug_macro   0x000191bd      0x13a Application/User/main.o
 .debug_macro   0x000192f7      0x23a Application/User/main.o
 .debug_macro   0x00019531      0x1bc Application/User/main.o
 .debug_macro   0x000196ed       0x31 Application/User/main.o
 .debug_macro   0x0001971e       0x3c Application/User/main.o
 .debug_macro   0x0001975a      0x23a Application/User/main.o
 .debug_macro   0x00019994      0xa05 Application/User/main.o
 .debug_macro   0x0001a399       0x77 Application/User/main.o
 .debug_macro   0x0001a410       0xcb Application/User/main.o
 .debug_macro   0x0001a4db      0x21e Application/User/main.o
 .debug_macro   0x0001a6f9      0x202 Application/User/main.o
 .debug_macro   0x0001a8fb       0x5b Application/User/main.o
 .debug_macro   0x0001a956       0x90 Application/User/main.o
 .debug_macro   0x0001a9e6       0x82 Application/User/main.o
 .debug_macro   0x0001aa68       0xd3 Application/User/main.o
 .debug_macro   0x0001ab3b      0x6af Application/User/main.o
 .debug_macro   0x0001b1ea      0x3c2 Application/User/main.o
 .debug_macro   0x0001b5ac      0x340 Application/User/main.o
 .debug_macro   0x0001b8ec      0x30e Application/User/stm32f3xx_hal_msp.o
 .debug_macro   0x0001bbfa      0x318 Application/User/stm32f3xx_it.o
 .debug_macro   0x0001bf12      0x314 Drivers/CMSIS/system_stm32f3xx.o
 .debug_macro   0x0001c226      0x332 Drivers/STM32F3xx_HAL_Driver/stm32f3xx_hal.o
 .debug_macro   0x0001c558      0x30f Drivers/STM32F3xx_HAL_Driver/stm32f3xx_hal_adc.o
 .debug_macro   0x0001c867      0x338 Drivers/STM32F3xx_HAL_Driver/stm32f3xx_hal_adc_ex.o
 .debug_macro   0x0001cb9f      0x30e Drivers/STM32F3xx_HAL_Driver/stm32f3xx_hal_cortex.o
 .debug_macro   0x0001cead      0x30e Drivers/STM32F3xx_HAL_Driver/stm32f3xx_hal_dma.o
 .debug_macro   0x0001d1bb      0x346 Drivers/STM32F3xx_HAL_Driver/stm32f3xx_hal_gpio.o
 .debug_macro   0x0001d501      0x332 Drivers/STM32F3xx_HAL_Driver/stm32f3xx_hal_rcc.o
 .debug_macro   0x0001d833      0x30e Drivers/STM32F3xx_HAL_Driver/stm32f3xx_hal_rcc_ex.o
 .debug_macro   0x0001db41      0x30e Drivers/STM32F3xx_HAL_Driver/stm32f3xx_hal_tim.o
 .debug_macro   0x0001de4f      0x31a Drivers/STM32F3xx_HAL_Driver/stm32f3xx_hal_tim_ex.o

.debug_str      0x00000000    0xaeea0
 .debug_str     0x00000000    0xac2d6 Application/User/main.o
                              0xac701 (size before relaxing)
 .debug_str     0x000ac2d6      0x13b Application/User/stm32f3xx_hal_msp.o
                              0xabff9 (size before relaxing)
 .debug_str     0x000ac411       0xa2 Application/User/stm32f3xx_it.o
                              0xab544 (size before relaxing)
 .debug_str     0x000ac4b3      0x109 Drivers/CMSIS/system_stm32f3xx.o
                              0xab439 (size before relaxing)
 .debug_str     0x000ac5bc      0x39f Drivers/STM32F3xx_HAL_Driver/stm32f3xx_hal.o
                              0xabc06 (size before relaxing)
 .debug_str     0x000ac95b      0x218 Drivers/STM32F3xx_HAL_Driver/stm32f3xx_hal_adc.o
                              0xab9f8 (size before relaxing)
 .debug_str     0x000acb73      0x732 Drivers/STM32F3xx_HAL_Driver/stm32f3xx_hal_adc_ex.o
                              0xac110 (size before relaxing)
 .debug_str     0x000ad2a5      0x33d Drivers/STM32F3xx_HAL_Driver/stm32f3xx_hal_cortex.o
                              0xabcfd (size before relaxing)
 .debug_str     0x000ad5e2      0x224 Drivers/STM32F3xx_HAL_Driver/stm32f3xx_hal_dma.o
                              0xab772 (size before relaxing)
 .debug_str     0x000ad806      0x1f3 Drivers/STM32F3xx_HAL_Driver/stm32f3xx_hal_gpio.o
                              0xab6d0 (size before relaxing)
 .debug_str     0x000ad9f9      0x2d6 Drivers/STM32F3xx_HAL_Driver/stm32f3xx_hal_rcc.o
                              0xab898 (size before relaxing)
 .debug_str     0x000adccf       0xd9 Drivers/STM32F3xx_HAL_Driver/stm32f3xx_hal_rcc_ex.o
                              0xab718 (size before relaxing)
 .debug_str     0x000adda8      0xc6e Drivers/STM32F3xx_HAL_Driver/stm32f3xx_hal_tim.o
                              0xac507 (size before relaxing)
 .debug_str     0x000aea16      0x48a Drivers/STM32F3xx_HAL_Driver/stm32f3xx_hal_tim_ex.o
                              0xabf6d (size before relaxing)

.comment        0x00000000       0x6e
 .comment       0x00000000       0x6e Application/User/main.o
                                 0x6f (size before relaxing)
 .comment       0x0000006e       0x6f Application/User/stm32f3xx_hal_msp.o
 .comment       0x0000006e       0x6f Application/User/stm32f3xx_it.o
 .comment       0x0000006e       0x6f Drivers/CMSIS/system_stm32f3xx.o
 .comment       0x0000006e       0x6f Drivers/STM32F3xx_HAL_Driver/stm32f3xx_hal.o
 .comment       0x0000006e       0x6f Drivers/STM32F3xx_HAL_Driver/stm32f3xx_hal_adc.o
 .comment       0x0000006e       0x6f Drivers/STM32F3xx_HAL_Driver/stm32f3xx_hal_adc_ex.o
 .comment       0x0000006e       0x6f Drivers/STM32F3xx_HAL_Driver/stm32f3xx_hal_cortex.o
 .comment       0x0000006e       0x6f Drivers/STM32F3xx_HAL_Driver/stm32f3xx_hal_dma.o
 .comment       0x0000006e       0x6f Drivers/STM32F3xx_HAL_Driver/stm32f3xx_hal_gpio.o
 .comment       0x0000006e       0x6f Drivers/STM32F3xx_HAL_Driver/stm32f3xx_hal_rcc.o
 .comment       0x0000006e       0x6f Drivers/STM32F3xx_HAL_Driver/stm32f3xx_hal_rcc_ex.o
 .comment       0x0000006e       0x6f Drivers/STM32F3xx_HAL_Driver/stm32f3xx_hal_tim.o
 .comment       0x0000006e       0x6f Drivers/STM32F3xx_HAL_Driver/stm32f3xx_hal_tim_ex.o

.debug_frame    0x00000000     0x1ec4
 .debug_frame   0x00000000      0x170 Application/User/main.o
 .debug_frame   0x00000170       0xb8 Application/User/stm32f3xx_hal_msp.o
 .debug_frame   0x00000228       0x40 Application/User/stm32f3xx_it.o
 .debug_frame   0x00000268       0x30 Drivers/CMSIS/system_stm32f3xx.o
 .debug_frame   0x00000298      0x198 Drivers/STM32F3xx_HAL_Driver/stm32f3xx_hal.o
 .debug_frame   0x00000430      0x170 Drivers/STM32F3xx_HAL_Driver/stm32f3xx_hal_adc.o
 .debug_frame   0x000005a0      0x514 Drivers/STM32F3xx_HAL_Driver/stm32f3xx_hal_adc_ex.o
 .debug_frame   0x00000ab4      0x154 Drivers/STM32F3xx_HAL_Driver/stm32f3xx_hal_cortex.o
 .debug_frame   0x00000c08      0x160 Drivers/STM32F3xx_HAL_Driver/stm32f3xx_hal_dma.o
 .debug_frame   0x00000d68       0xc4 Drivers/STM32F3xx_HAL_Driver/stm32f3xx_hal_gpio.o
 .debug_frame   0x00000e2c      0x150 Drivers/STM32F3xx_HAL_Driver/stm32f3xx_hal_rcc.o
 .debug_frame   0x00000f7c       0x7c Drivers/STM32F3xx_HAL_Driver/stm32f3xx_hal_rcc_ex.o
 .debug_frame   0x00000ff8      0xa14 Drivers/STM32F3xx_HAL_Driver/stm32f3xx_hal_tim.o
 .debug_frame   0x00001a0c      0x48c Drivers/STM32F3xx_HAL_Driver/stm32f3xx_hal_tim_ex.o
 .debug_frame   0x00001e98       0x2c c:/users/andy/.p2/pool/plugins/fr.ac6.mcu.externaltools.arm-none.win32_1.13.2.201703061525/tools/compiler/bin/../lib/gcc/arm-none-eabi/5.4.1/../../../../arm-none-eabi/lib/armv7e-m/fpu\libc_nano.a(lib_a-init.o)
